ets Jun  8 2016 00:22:57

rst:0x1 (POWERON_RESET),boot:0x13 (SPI_FAST_FLASH_BOOT)
configsip: 188777542, SPIWP:0xee
clk_drv:0x00,q_drv:0x00,d_drv:0x00,cs0_drv:0x00,hd_drv:0x00,wp_drv:0x00
mode:DIO, clock div:2
load:0x3fff0030,len:7176
load:0x40078000,len:15564
ho 0 tail 12 room 4
load:0x40080400,len:4
load:0x40080404,len:3904
entry 0x40080640
[0;32mI (32) boot: ESP-IDF v5.3.1-dirty 2nd stage bootloader[0m
[0;32mI (32) boot: compile time Oct 10 2024 14:47:00[0m
[0;32mI (32) boot: Multicore bootloader[0m
[0;32mI (37) boot: chip revision: v1.1[0m
[0;32mI (40) boot.esp32: SPI Speed      : 40MHz[0m
[0;32mI (45) boot.esp32: SPI Mode       : DIO[0m
[0;32mI (50) boot.esp32: SPI Flash Size : 2MB[0m
[0;32mI (54) boot: Enabling RNG early entropy source...[0m
[0;32mI (60) boot: Partition Table:[0m
[0;32mI (63) boot: ## Label            Usage          Type ST Offset   Length[0m
[0;32mI (70) boot:  0 nvs              WiFi data        01 02 00009000 00006000[0m
[0;32mI (78) boot:  1 phy_init         RF data          01 01 0000f000 00001000[0m
[0;32mI (85) boot:  2 factory          factory app      00 00 00010000 00100000[0m
[0;32mI (93) boot: End of partition table[0m
[0;32mI (97) esp_image: segment 0: paddr=00010020 vaddr=3f400020 size=0b4b4h ( 46260) map[0m
[0;32mI (121) esp_image: segment 1: paddr=0001b4dc vaddr=3ffb0000 size=02478h (  9336) load[0m
[0;32mI (125) esp_image: segment 2: paddr=0001d95c vaddr=40080000 size=026bch (  9916) load[0m
[0;32mI (131) esp_image: segment 3: paddr=00020020 vaddr=400d0020 size=1f430h (128048) map[0m
[0;32mI (180) esp_image: segment 4: paddr=0003f458 vaddr=400826bc size=0bd48h ( 48456) load[0m
[0;32mI (206) boot: Loaded app from partition at offset 0x10000[0m
[0;32mI (206) boot: Disabling RNG early entropy source...[0m
[0;32mI (218) cpu_start: Multicore app[0m
[0;32mI (226) cpu_start: Pro cpu start user code[0m
[0;32mI (226) cpu_start: cpu freq: 160000000 Hz[0m
[0;32mI (227) app_init: Application information:[0m
[0;32mI (229) app_init: Project name:     HealthST[0m
[0;32mI (234) app_init: App version:      1[0m
[0;32mI (239) app_init: Compile time:     Oct 13 2024 18:45:14[0m
[0;32mI (245) app_init: ELF file SHA256:  add4b1df2...[0m
[0;32mI (250) app_init: ESP-IDF:          v5.3.1-dirty[0m
[0;32mI (255) efuse_init: Min chip rev:     v0.0[0m
[0;32mI (260) efuse_init: Max chip rev:     v3.99 [0m
[0;32mI (265) efuse_init: Chip rev:         v1.1[0m
[0;32mI (270) heap_init: Initializing. RAM available for dynamic allocation:[0m
[0;32mI (277) heap_init: At 3FFAE6E0 len 00001920 (6 KiB): DRAM[0m
[0;32mI (283) heap_init: At 3FFB2D78 len 0002D288 (180 KiB): DRAM[0m
[0;32mI (289) heap_init: At 3FFE0440 len 00003AE0 (14 KiB): D/IRAM[0m
[0;32mI (296) heap_init: At 3FFE4350 len 0001BCB0 (111 KiB): D/IRAM[0m
[0;32mI (302) heap_init: At 4008E404 len 00011BFC (70 KiB): IRAM[0m
[0;32mI (310) spi_flash: detected chip: gd[0m
[0;32mI (312) spi_flash: flash io: dio[0m
[0;33mW (316) spi_flash: Detected size(4096k) larger than the size in the binary image header(2048k). Using the size in the binary image header.[0m
[0;32mI (330) main_task: Started on CPU0[0m
[0;32mI (340) main_task: Calling app_main()[0m
[0;32mI (340) main_task: Returned from app_main()[0m
LoRa initialized successfully.
Received data: ID: NODE_1, Temp: 28.53, HR: 137.10, SpO2: 0.00
RSSI: -23, SNR: 9.50
Received data: ID: NODE_1, Temp: 28.45, HR: 136.52, SpO2: 0.00
RSSI: -23, SNR: 9.75
Received data: ï¿½ï¿½ï¿½6ï¿½gï¿½Aï¿½%ï¿½ï¿½#^&O3j\Jï¿½Zï¿½ï¿½ï¿½Ç‘ï¿½Jï¿½C
RSSI: -104, SNR: -11.75
Received data: ID: NODE_1, Temp: 28.39, HR: 136.91, SpO2: 0.00
RSSI: -24, SNR: 9.75
Received data: ID: NODE_1, Temp: 28.27, HR: 138.08, SpO2: 0.00
RSSI: -24, SNR: 9.50
Received data: ID: NODE_1, Temp: 28.51, HR: 138.04, SpO2: 0.00
RSSI: -23, SNR: 11.00
