ets Jun  8 2016 00:22:57

rst:0x1 (POWERON_RESET),boot:0x13 (SPI_FAST_FLASH_BOOT)
configsip: 188777542, SPIWP:0xee
clk_drv:0x00,q_drv:0x00,d_drv:0x00,cs0_drv:0x00,hd_drv:0x00,wp_drv:0x00
mode:DIO, clock div:2
load:0x3fff0030,len:7176
load:0x40078000,len:15564
ho 0 tail 12 room 4
load:0x40080400,len:4
load:0x40080404,len:3904
entry 0x40080640
[0;32mI (32) boot: ESP-IDF v5.3.1-dirty 2nd stage bootloader[0m
[0;32mI (32) boot: compile time Oct 10 2024 14:47:00[0m
[0;32mI (32) boot: Multicore bootloader[0m
[0;32mI (37) boot: chip revision: v1.1[0m
[0;32mI (40) boot.esp32: SPI Speed      : 40MHz[0m
[0;32mI (45) boot.esp32: SPI Mode       : DIO[0m
[0;32mI (50) boot.esp32: SPI Flash Size : 2MB[0m
[0;32mI (54) boot: Enabling RNG early entropy source...[0m
[0;32mI (60) boot: Partition Table:[0m
[0;32mI (63) boot: ## Label            Usage          Type ST Offset   Length[0m
[0;32mI (70) boot:  0 nvs              WiFi data        01 02 00009000 00006000[0m
[0;32mI (78) boot:  1 phy_init         RF data          01 01 0000f000 00001000[0m
[0;32mI (85) boot:  2 factory          factory app      00 00 00010000 00100000[0m
[0;32mI (93) boot: End of partition table[0m
[0;32mI (97) esp_image: segment 0: paddr=00010020 vaddr=3f400020 size=23ffch (147452) map[0m
[0;32mI (156) esp_image: segment 1: paddr=00034024 vaddr=3ffb0000 size=03ee0h ( 16096) load[0m
[0;32mI (162) esp_image: segment 2: paddr=00037f0c vaddr=40080000 size=0810ch ( 33036) load[0m
[0;32mI (175) esp_image: segment 3: paddr=00040020 vaddr=400d0020 size=938ach (604332) map[0m
[0;32mI (383) esp_image: segment 4: paddr=000d38d4 vaddr=4008810c size=0f32ch ( 62252) load[0m
[0;32mI (419) boot: Loaded app from partition at offset 0x10000[0m
[0;32mI (419) boot: Disabling RNG early entropy source...[0m
[0;32mI (431) cpu_start: Multicore app[0m
[0;32mI (440) cpu_start: Pro cpu start user code[0m
[0;32mI (440) cpu_start: cpu freq: 160000000 Hz[0m
[0;32mI (440) app_init: Application information:[0m
[0;32mI (443) app_init: Project name:     HealthST[0m
[0;32mI (448) app_init: App version:      1[0m
[0;32mI (452) app_init: Compile time:     Oct 11 2024 12:54:41[0m
[0;32mI (458) app_init: ELF file SHA256:  559c99400...[0m
[0;32mI (463) app_init: ESP-IDF:          v5.3.1-dirty[0m
[0;32mI (468) efuse_init: Min chip rev:     v0.0[0m
[0;32mI (473) efuse_init: Max chip rev:     v3.99 [0m
[0;32mI (478) efuse_init: Chip rev:         v1.1[0m
[0;32mI (483) heap_init: Initializing. RAM available for dynamic allocation:[0m
[0;32mI (490) heap_init: At 3FFAE6E0 len 00001920 (6 KiB): DRAM[0m
[0;32mI (496) heap_init: At 3FFB8460 len 00027BA0 (158 KiB): DRAM[0m
[0;32mI (503) heap_init: At 3FFE0440 len 00003AE0 (14 KiB): D/IRAM[0m
[0;32mI (509) heap_init: At 3FFE4350 len 0001BCB0 (111 KiB): D/IRAM[0m
[0;32mI (515) heap_init: At 40097438 len 00008BC8 (34 KiB): IRAM[0m
[0;32mI (523) spi_flash: detected chip: gd[0m
[0;32mI (526) spi_flash: flash io: dio[0m
[0;33mW (530) spi_flash: Detected size(4096k) larger than the size in the binary image header(2048k). Using the size in the binary image header.[0m
[0;32mI (544) main_task: Started on CPU0[0m
[0;32mI (554) main_task: Calling app_main()[0m
I (584) wifi:wifi driver task: 3ffbeea8, prio:23, stack:6656, core=0
I (594) wifi:wifi firmware version: ccaebfa
I (594) wifi:wifi certification version: v7.0
I (594) wifi:config NVS flash: enabled
I (594) wifi:config nano formating: disabled
I (594) wifi:Init data frame dynamic rx buffer num: 32
I (604) wifi:Init static rx mgmt buffer num: 5
I (604) wifi:Init management short buffer num: 32
I (614) wifi:Init dynamic tx buffer num: 32
I (614) wifi:Init static rx buffer size: 1600
I (624) wifi:Init static rx buffer num: 10
I (624) wifi:Init dynamic rx buffer num: 32
[0;32mI (624) wifi_init: rx ba win: 6[0m
[0;32mI (634) wifi_init: accept mbox: 6[0m
[0;32mI (634) wifi_init: tcpip mbox: 32[0m
[0;32mI (644) wifi_init: udp mbox: 6[0m
[0;32mI (644) wifi_init: tcp mbox: 6[0m
[0;32mI (644) wifi_init: tcp tx win: 5760[0m
[0;32mI (654) wifi_init: tcp rx win: 5760[0m
[0;32mI (654) wifi_init: tcp mss: 1440[0m
[0;32mI (654) wifi_init: WiFi IRAM OP enabled[0m
[0;32mI (664) wifi_init: WiFi RX IRAM OP enabled[0m
W (664) wifi:Password length matches WPA2 standards, authmode threshold changes from OPEN to WPA2
[0;32mI (674) phy_init: phy_version 4830,54550f7,Jun 20 2024,14:22:08[0m
I (754) wifi:mode : sta (e8:6b:ea:09:d5:24)
I (754) wifi:enable tsf
[0;32mI (754) wifi_init: Connecting to Wi-Fi...[0m
I (764) wifi:new:<6,2>, old:<1,0>, ap:<255,255>, sta:<6,2>, prof:1, snd_ch_cfg:0x0
I (774) wifi:state: init -> auth (0xb0)
I (794) wifi:state: auth -> assoc (0x0)
I (814) wifi:state: assoc -> run (0x10)
I (824) wifi:connected with Viá»‡t Anh, aid = 3, channel 6, 40D, bssid = 04:95:e6:6a:e9:30
I (824) wifi:security: WPA2-PSK, phy: bgn, rssi: -33
I (834) wifi:pm start, type: 1

I (834) wifi:dp: 1, bi: 102400, li: 3, scale listen interval from 307200 us to 307200 us
I (894) wifi:AP's beacon interval = 102400 us, DTIM period = 1

assert failed: tcpip_send_msg_wait_sem /IDF/components/lwip/lwip/src/api/tcpip.c:449 (Invalid mbox)


Backtrace: 0x40081a3e:0x3ffc7550 0x400894c1:0x3ffc7570 0x40091229:0x3ffc7590 0x40128e4a:0x3ffc76b0 0x4013568d:0x3ffc76e0 0x40126e3d:0x3ffc7720 0x400e2001:0x3ffc7770 0x400e230a:0x3ffc77d0 0x400e25af:0x3ffc7840 0x400e289c:0x3ffc7880 0x400e3a4a:0x3ffc78b0 0x4015b011:0x3ffc78e0 0x400d9026:0x3ffc7900 0x40089f9d:0x3ffc7930




ELF file SHA256: 559c99400

Rebooting...
ets Jun  8 2016 00:22:57

rst:0xc (SW_CPU_RESET),boot:0x13 (SPI_FAST_FLASH_BOOT)
configsip: 188777542, SPIWP:0xee
clk_drv:0x00,q_drv:0x00,d_drv:0x00,cs0_drv:0x00,hd_drv:0x00,wp_drv:0x00
mode:DIO, clock div:2
load:0x3fff0030,len:7176
load:0x40078000,len:15564
ho 0 tail 12 room 4
load:0x40080400,len:4
load:0x40080404,len:3904
entry 0x40080640
[0;32mI (31) boot: ESP-IDF v5.3.1-dirty 2nd stage bootloader[0m
[0;32mI (31) boot: compile time Oct 10 2024 14:47:00[0m
[0;32mI (31) boot: Multicore bootloader[0m
[0;32mI (36) boot: chip revision: v1.1[0m
[0;32mI (40) boot.esp32: SPI Speed      : 40MHz[0m
[0;32mI (45) boot.esp32: SPI Mode       : DIO[0m
[0;32mI (49) boot.esp32: SPI Flash Size : 2MB[0m
[0;32mI (54) boot: Enabling RNG early entropy source...[0m
[0;32mI (59) boot: Partition Table:[0m
[0;32mI (63) boot: ## Label            Usage          Type ST Offset   Length[0m
[0;32mI (70) boot:  0 nvs              WiFi data        01 02 00009000 00006000[0m
[0;32mI (78) boot:  1 phy_init         RF data          01 01 0000f000 00001000[0m
[0;32mI (85) boot:  2 factory          factory app      00 00 00010000 00100000[0m
[0;32mI (93) boot: End of partition table[0m
[0;32mI (97) esp_image: segment 0: paddr=00010020 vaddr=3f400020 size=23ffch (147452) map[0m
[0;32mI (156) esp_image: segment 1: paddr=00034024 vaddr=3ffb0000 size=03ee0h ( 16096) load[0m
[0;32mI (162) esp_image: segment 2: paddr=00037f0c vaddr=40080000 size=0810ch ( 33036) load[0m
[0;32mI (175) esp_image: segment 3: paddr=00040020 vaddr=400d0020 size=938ach (604332) map[0m
[0;32mI (383) esp_image: segment 4: paddr=000d38d4 vaddr=4008810c size=0f32ch ( 62252) load[0m
[0;32mI (419) boot: Loaded app from partition at offset 0x10000[0m
[0;32mI (419) boot: Disabling RNG early entropy source...[0m
[0;32mI (431) cpu_start: Multicore app[0m
[0;32mI (439) cpu_start: Pro cpu start user code[0m
[0;32mI (439) cpu_start: cpu freq: 160000000 Hz[0m
[0;32mI (440) app_init: Application information:[0m
[0;32mI (442) app_init: Project name:     HealthST[0m
[0;32mI (447) app_init: App version:      1[0m
[0;32mI (452) app_init: Compile time:     Oct 11 2024 12:54:41[0m
[0;32mI (458) app_init: ELF file SHA256:  559c99400...[0m
[0;32mI (463) app_init: ESP-IDF:          v5.3.1-dirty[0m
[0;32mI (468) efuse_init: Min chip rev:     v0.0[0m
[0;32mI (473) efuse_init: Max chip rev:     v3.99 [0m
[0;32mI (478) efuse_init: Chip rev:         v1.1[0m
[0;32mI (483) heap_init: Initializing. RAM available for dynamic allocation:[0m
[0;32mI (490) heap_init: At 3FFAE6E0 len 00001920 (6 KiB): DRAM[0m
[0;32mI (496) heap_init: At 3FFB8460 len 00027BA0 (158 KiB): DRAM[0m
[0;32mI (502) heap_init: At 3FFE0440 len 00003AE0 (14 KiB): D/IRAM[0m
[0;32mI (509) heap_init: At 3FFE4350 len 0001BCB0 (111 KiB): D/IRAM[0m
[0;32mI (515) heap_init: At 40097438 len 00008BC8 (34 KiB): IRAM[0m
[0;32mI (523) spi_flash: detected chip: gd[0m
[0;32mI (525) spi_flash: flash io: dio[0m
[0;33mW (529) spi_flash: Detected size(4096k) larger than the size in the binary image header(2048k). Using the size in the binary image header.[0m
[0;32mI (544) main_task: Started on CPU0[0m
[0;32mI (554) main_task: Calling app_main()[0m
I (584) wifi:wifi driver task: 3ffbeea8, prio:23, stack:6656, core=0
I (594) wifi:wifi firmware version: ccaebfa
I (594) wifi:wifi certification version: v7.0
I (594) wifi:config NVS flash: enabled
I (594) wifi:config nano formating: disabled
I (594) wifi:Init data frame dynamic rx buffer num: 32
I (604) wifi:Init static rx mgmt buffer num: 5
I (604) wifi:Init management short buffer num: 32
I (614) wifi:Init dynamic tx buffer num: 32
I (614) wifi:Init static rx buffer size: 1600
I (624) wifi:Init static rx buffer num: 10
I (624) wifi:Init dynamic rx buffer num: 32
[0;32mI (624) wifi_init: rx ba win: 6[0m
[0;32mI (634) wifi_init: accept mbox: 6[0m
[0;32mI (634) wifi_init: tcpip mbox: 32[0m
[0;32mI (644) wifi_init: udp mbox: 6[0m
[0;32mI (644) wifi_init: tcp mbox: 6[0m
[0;32mI (644) wifi_init: tcp tx win: 5760[0m
[0;32mI (654) wifi_init: tcp rx win: 5760[0m
[0;32mI (654) wifi_init: tcp mss: 1440[0m
[0;32mI (654) wifi_init: WiFi IRAM OP enabled[0m
[0;32mI (664) wifi_init: WiFi RX IRAM OP enabled[0m
W (664) wifi:Password length matches WPA2 standards, authmode threshold changes from OPEN to WPA2
[0;32mI (674) phy_init: phy_version 4830,54550f7,Jun 20 2024,14:22:08[0m
I (764) wifi:mode : sta (e8:6b:ea:09:d5:24)
I (764) wifi:enable tsf
[0;32mI (764) wifi_init: Connecting to Wi-Fi...[0m
I (774) wifi:new:<6,2>, old:<1,0>, ap:<255,255>, sta:<6,2>, prof:1, snd_ch_cfg:0x0
I (784) wifi:state: init -> auth (0xb0)
I (794) wifi:state: auth -> assoc (0x0)
I (824) wifi:state: assoc -> run (0x10)
I (834) wifi:connected with Viá»‡t Anh, aid = 3, channel 6, 40D, bssid = 04:95:e6:6a:e9:30
I (834) wifi:security: WPA2-PSK, phy: bgn, rssi: -35
I (834) wifi:pm start, type: 1

I (834) wifi:dp: 1, bi: 102400, li: 3, scale listen interval from 307200 us to 307200 us
I (924) wifi:AP's beacon interval = 102400 us, DTIM period = 1

assert failed: tcpip_send_msg_wait_sem /IDF/components/lwip/lwip/src/api/tcpip.c:449 (Invalid mbox)


Backtrace: 0x40081a3e:0x3ffc7550 0x400894c1:0x3ffc7570 0x40091229:0x3ffc7590 0x40128e4a:0x3ffc76b0 0x4013568d:0x3ffc76e0 0x40126e3d:0x3ffc7720 0x400e2001:0x3ffc7770 0x400e230a:0x3ffc77d0 0x400e25af:0x3ffc7840 0x400e289c:0x3ffc7880 0x400e3a4a:0x3ffc78b0 0x4015b011:0x3ffc78e0 0x400d9026:0x3ffc7900 0x40089f9d:0x3ffc7930




ELF file SHA256: 559c99400

Rebooting...
ets Jun  8 2016 00:22:57

rst:0xc (SW_CPU_RESET),boot:0x13 (SPI_FAST_FLASH_BOOT)
configsip: 188777542, SPIWP:0xee
clk_drv:0x00,q_drv:0x00,d_drv:0x00,cs0_drv:0x00,hd_drv:0x00,wp_drv:0x00
mode:DIO, clock div:2
load:0x3fff0030,len:7176
load:0x40078000,len:15564
ho 0 tail 12 room 4
load:0x40080400,len:4
load:0x40080404,len:3904
entry 0x40080640
[0;32mI (31) boot: ESP-IDF v5.3.1-dirty 2nd stage bootloader[0m
[0;32mI (31) boot: compile time Oct 10 2024 14:47:00[0m
[0;32mI (31) boot: Multicore bootloader[0m
[0;32mI (36) boot: chip revision: v1.1[0m
[0;32mI (40) boot.esp32: SPI Speed      : 40MHz[0m
[0;32mI (45) boot.esp32: SPI Mode       : DIO[0m
[0;32mI (49) boot.esp32: SPI Flash Size : 2MB[0m
[0;32mI (54) boot: Enabling RNG early entropy source...[0m
[0;32mI (59) boot: Partition Table:[0m
[0;32mI (63) boot: ## Label            Usage          Type ST Offset   Length[0m
[0;32mI (70) boot:  0 nvs              WiFi data        01 02 00009000 00006000[0m
[0;32mI (78) boot:  1 phy_init         RF data          01 01 0000f000 00001000[0m
[0;32mI (85) boot:  2 factory          factory app      00 00 00010000 00100000[0m
[0;32mI (93) boot: End of partition table[0m
[0;32mI (97) esp_image: segment 0: paddr=00010020 vaddr=3f400020 size=23ffch (147452) map[0m
[0;32mI (156) esp_image: segment 1: paddr=00034024 vaddr=3ffb0000 size=03ee0h ( 16096) load[0m
[0;32mI (162) esp_image: segment 2: paddr=00037f0c vaddr=40080000 size=0810ch ( 33036) load[0m
[0;32mI (175) esp_image: segment 3: paddr=00040020 vaddr=400d0020 size=938ach (604332) map[0m
[0;32mI (383) esp_image: segment 4: paddr=000d38d4 vaddr=4008810c size=0f32ch ( 62252) load[0m
[0;32mI (419) boot: Loaded app from partition at offset 0x10000[0m
[0;32mI (419) boot: Disabling RNG early entropy source...[0m
[0;32mI (431) cpu_start: Multicore app[0m
[0;32mI (439) cpu_start: Pro cpu start user code[0m
[0;32mI (439) cpu_start: cpu freq: 160000000 Hz[0m
[0;32mI (440) app_init: Application information:[0m
[0;32mI (442) app_init: Project name:     HealthST[0m
[0;32mI (447) app_init: App version:      1[0m
[0;32mI (452) app_init: Compile time:     Oct 11 2024 12:54:41[0m
[0;32mI (458) app_init: ELF file SHA256:  559c99400...[0m
[0;32mI (463) app_init: ESP-IDF:          v5.3.1-dirty[0m
[0;32mI (468) efuse_init: Min chip rev:     v0.0[0m
[0;32mI (473) efuse_init: Max chip rev:     v3.99 [0m
[0;32mI (478) efuse_init: Chip rev:         v1.1[0m
[0;32mI (483) heap_init: Initializing. RAM available for dynamic allocation:[0m
[0;32mI (490) heap_init: At 3FFAE6E0 len 00001920 (6 KiB): DRAM[0m
[0;32mI (496) heap_init: At 3FFB8460 len 00027BA0 (158 KiB): DRAM[0m
[0;32mI (502) heap_init: At 3FFE0440 len 00003AE0 (14 KiB): D/IRAM[0m
[0;32mI (509) heap_init: At 3FFE4350 len 0001BCB0 (111 KiB): D/IRAM[0m
[0;32mI (515) heap_init: At 40097438 len 00008BC8 (34 KiB): IRAM[0m
[0;32mI (523) spi_flash: detected chip: gd[0m
[0;32mI (525) spi_flash: flash io: dio[0m
[0;33mW (529) spi_flash: Detected size(4096k) larger than the size in the binary image header(2048k). Using the size in the binary image header.[0m
[0;32mI (544) main_task: Started on CPU0[0m
[0;32mI (554) main_task: Calling app_main()[0m
I (584) wifi:wifi driver task: 3ffbeea8, prio:23, stack:6656, core=0
I (594) wifi:wifi firmware version: ccaebfa
I (594) wifi:wifi certification version: v7.0
I (594) wifi:config NVS flash: enabled
I (594) wifi:config nano formating: disabled
I (594) wifi:Init data frame dynamic rx buffer num: 32
I (604) wifi:Init static rx mgmt buffer num: 5
I (604) wifi:Init management short buffer num: 32
I (614) wifi:Init dynamic tx buffer num: 32
I (614) wifi:Init static rx buffer size: 1600
I (624) wifi:Init static rx buffer num: 10
I (624) wifi:Init dynamic rx buffer num: 32
[0;32mI (624) wifi_init: rx ba win: 6[0m
[0;32mI (634) wifi_init: accept mbox: 6[0m
[0;32mI (634) wifi_init: tcpip mbox: 32[0m
[0;32mI (644) wifi_init: udp mbox: 6[0m
[0;32mI (644) wifi_init: tcp mbox: 6[0m
[0;32mI (644) wifi_init: tcp tx win: 5760[0m
[0;32mI (654) wifi_init: tcp rx win: 5760[0m
[0;32mI (654) wifi_init: tcp mss: 1440[0m
[0;32mI (654) wifi_init: WiFi IRAM OP enabled[0m
[0;32mI (664) wifi_init: WiFi RX IRAM OP enabled[0m
W (664) wifi:Password length matches WPA2 standards, authmode threshold changes from OPEN to WPA2
[0;32mI (674) phy_init: phy_version 4830,54550f7,Jun 20 2024,14:22:08[0m
[0;33mW (754) phy_init: saving new calibration data because of checksum failure, mode(0)[0m
I (814) wifi:mode : sta (e8:6b:ea:09:d5:24)
I (814) wifi:enable tsf
[0;32mI (814) wifi_init: Connecting to Wi-Fi...[0m
I (824) wifi:new:<6,2>, old:<1,0>, ap:<255,255>, sta:<6,2>, prof:1, snd_ch_cfg:0x0
I (824) wifi:state: init -> auth (0xb0)
I (844) wifi:state: auth -> assoc (0x0)
I (864) wifi:state: assoc -> run (0x10)
I (874) wifi:connected with Viá»‡t Anh, aid = 3, channel 6, 40D, bssid = 04:95:e6:6a:e9:30
I (874) wifi:security: WPA2-PSK, phy: bgn, rssi: -33
I (884) wifi:pm start, type: 1

I (884) wifi:dp: 1, bi: 102400, li: 3, scale listen interval from 307200 us to 307200 us
I (944) wifi:AP's beacon interval = 102400 us, DTIM period = 1

assert failed: tcpip_send_msg_wait_sem /IDF/components/lwip/lwip/src/api/tcpip.c:449 (Invalid mbox)


Backtrace: 0x40081a3e:0x3ffc75e0 0x400894c1:0x3ffc7600 0x40091229:0x3ffc7620 0x40128e4a:0x3ffc7740 0x4013568d:0x3ffc7770 0x40126e3d:0x3ffc77b0 0x400e2001:0x3ffc7800 0x400e230a:0x3ffc7860 0x400e25af:0x3ffc78d0 0x400e289c:0x3ffc7910 0x400e3a4a:0x3ffc7940 0x4015b011:0x3ffc7970 0x400d9026:0x3ffc7990 0x40089f9d:0x3ffc79c0




ELF file SHA256: 559c99400

Rebooting...
ets Jun  8 2016 00:22:57

rst:0xc (SW_CPU_RESET),boot:0x13 (SPI_FAST_FLASH_BOOT)
configsip: 188777542, SPIWP:0xee
clk_drv:0x00,q_drv:0x00,d_drv:0x00,cs0_drv:0x00,hd_drv:0x00,wp_drv:0x00
mode:DIO, clock div:2
load:0x3fff0030,len:7176
load:0x40078000,len:15564
ho 0 tail 12 room 4
load:0x40080400,len:4
load:0x40080404,len:3904
entry 0x40080640
[0;32mI (31) boot: ESP-IDF v5.3.1-dirty 2nd stage bootloader[0m
[0;32mI (31) boot: compile time Oct 10 2024 14:47:00[0m
[0;32mI (31) boot: Multicore bootloader[0m
[0;32mI (36) boot: chip revision: v1.1[0m
[0;32mI (40) boot.esp32: SPI Speed      : 40MHz[0m
[0;32mI (45) boot.esp32: SPI Mode       : DIO[0m
[0;32mI (49) boot.esp32: SPI Flash Size : 2MB[0m
[0;32mI (54) boot: Enabling RNG early entropy source...[0m
[0;32mI (59) boot: Partition Table:[0m
[0;32mI (63) boot: ## Label            Usage          Type ST Offset   Length[0m
[0;32mI (70) boot:  0 nvs              WiFi data        01 02 00009000 00006000[0m
[0;32mI (78) boot:  1 phy_init         RF data          01 01 0000f000 00001000[0m
[0;32mI (85) boot:  2 factory          factory app      00 00 00010000 00100000[0m
[0;32mI (93) boot: End of partition table[0m
[0;32mI (97) esp_image: segment 0: paddr=00010020 vaddr=3f400020 size=23ffch (147452) map[0m
[0;32mI (156) esp_image: segment 1: paddr=00034024 vaddr=3ffb0000 size=03ee0h ( 16096) load[0m
[0;32mI (162) esp_image: segment 2: paddr=00037f0c vaddr=40080000 size=0810ch ( 33036) load[0m
[0;32mI (175) esp_image: segment 3: paddr=00040020 vaddr=400d0020 size=938ach (604332) map[0m
[0;32mI (383) esp_image: segment 4: paddr=000d38d4 vaddr=4008810c size=0f32ch ( 62252) load[0m
[0;32mI (419) boot: Loaded app from partition at offset 0x10000[0m
[0;32mI (419) boot: Disabling RNG early entropy source...[0m
[0;32mI (431) cpu_start: Multicore app[0m
[0;32mI (439) cpu_start: Pro cpu start user code[0m
[0;32mI (439) cpu_start: cpu freq: 160000000 Hz[0m
[0;32mI (440) app_init: Application information:[0m
[0;32mI (442) app_init: Project name:     HealthST[0m
[0;32mI (447) app_init: App version:      1[0m
[0;32mI (452) app_init: Compile time:     Oct 11 2024 12:54:41[0m
[0;32mI (458) app_init: ELF file SHA256:  559c99400...[0m
[0;32mI (463) app_init: ESP-IDF:          v5.3.1-dirty[0m
[0;32mI (468) efuse_init: Min chip rev:     v0.0[0m
[0;32mI (473) efuse_init: Max chip rev:     v3.99 [0m
[0;32mI (478) efuse_init: Chip rev:         v1.1[0m
[0;32mI (483) heap_init: Initializing. RAM available for dynamic allocation:[0m
[0;32mI (490) heap_init: At 3FFAE6E0 len 00001920 (6 KiB): DRAM[0m
[0;32mI (496) heap_init: At 3FFB8460 len 00027BA0 (158 KiB): DRAM[0m
[0;32mI (502) heap_init: At 3FFE0440 len 00003AE0 (14 KiB): D/IRAM[0m
[0;32mI (509) heap_init: At 3FFE4350 len 0001BCB0 (111 KiB): D/IRAM[0m
[0;32mI (515) heap_init: At 40097438 len 00008BC8 (34 KiB): IRAM[0m
[0;32mI (523) spi_flash: detected chip: gd[0m
[0;32mI (525) spi_flash: flash io: dio[0m
[0;33mW (529) spi_flash: Detected size(4096k) larger than the size in the binary image header(2048k). Using the size in the binary image header.[0m
[0;32mI (544) main_task: Started on CPU0[0m
[0;32mI (554) main_task: Calling app_main()[0m
I (584) wifi:wifi driver task: 3ffbef2c, prio:23, stack:6656, core=0
I (594) wifi:wifi firmware version: ccaebfa
I (594) wifi:wifi certification version: v7.0
I (594) wifi:config NVS flash: enabled
I (594) wifi:config nano formating: disabled
I (594) wifi:Init data frame dynamic rx buffer num: 32
I (604) wifi:Init static rx mgmt buffer num: 5
I (604) wifi:Init management short buffer num: 32
I (614) wifi:Init dynamic tx buffer num: 32
I (614) wifi:Init static rx buffer size: 1600
I (624) wifi:Init static rx buffer num: 10
I (624) wifi:Init dynamic rx buffer num: 32
[0;32mI (624) wifi_init: rx ba win: 6[0m
[0;32mI (634) wifi_init: accept mbox: 6[0m
[0;32mI (634) wifi_init: tcpip mbox: 32[0m
[0;32mI (644) wifi_init: udp mbox: 6[0m
[0;32mI (644) wifi_init: tcp mbox: 6[0m
[0;32mI (644) wifi_init: tcp tx win: 5760[0m
[0;32mI (654) wifi_init: tcp rx win: 5760[0m
[0;32mI (654) wifi_init: tcp mss: 1440[0m
[0;32mI (654) wifi_init: WiFi IRAM OP enabled[0m
[0;32mI (664) wifi_init: WiFi RX IRAM OP enabled[0m
W (664) wifi:Password length matches WPA2 standards, authmode threshold changes from OPEN to WPA2
[0;32mI (674) phy_init: phy_version 4830,54550f7,Jun 20 2024,14:22:08[0m
I (764) wifi:mode : sta (e8:6b:ea:09:d5:24)
I (764) wifi:enable tsf
[0;32mI (774) wifi_init: Connecting to Wi-Fi...[0m
I (774) wifi:new:<6,2>, old:<1,0>, ap:<255,255>, sta:<6,2>, prof:1, snd_ch_cfg:0x0
I (784) wifi:state: init -> auth (0xb0)
I (794) wifi:state: auth -> assoc (0x0)
I (824) wifi:state: assoc -> run (0x10)
I (844) wifi:connected with Viá»‡t Anh, aid = 3, channel 6, 40D, bssid = 04:95:e6:6a:e9:30
I (844) wifi:security: WPA2-PSK, phy: bgn, rssi: -35
I (844) wifi:pm start, type: 1

I (844) wifi:dp: 1, bi: 102400, li: 3, scale listen interval from 307200 us to 307200 us
I (924) wifi:AP's beacon interval = 102400 us, DTIM period = 1

assert failed: tcpip_send_msg_wait_sem /IDF/components/lwip/lwip/src/api/tcpip.c:449 (Invalid mbox)


Backtrace: 0x40081a3e:0x3ffc75d0 0x400894c1:0x3ffc75f0 0x40091229:0x3ffc7610 0x40128e4a:0x3ffc7730 0x4013568d:0x3ffc7760 0x40126e3d:0x3ffc77a0 0x400e2001:0x3ffc77f0 0x400e230a:0x3ffc7850 0x400e25af:0x3ffc78c0 0x400e289c:0x3ffc7900 0x400e3a4a:0x3ffc7930 0x4015b011:0x3ffc7960 0x400d9026:0x3ffc7980 0x40089f9d:0x3ffc79b0




ELF file SHA256: 559c99400

Rebooting...
ets Jun  8 2016 00:22:57

rst:0xc (SW_CPU_RESET),boot:0x13 (SPI_FAST_FLASH_BOOT)
configsip: 188777542, SPIWP:0xee
clk_drv:0x00,q_drv:0x00,d_drv:0x00,cs0_drv:0x00,hd_drv:0x00,wp_drv:0x00
mode:DIO, clock div:2
load:0x3fff0030,len:7176
load:0x40078000,len:15564
ho 0 tail 12 room 4
load:0x40080400,len:4
load:0x40080404,len:3904
entry 0x40080640
[0;32mI (31) boot: ESP-IDF v5.3.1-dirty 2nd stage bootloader[0m
[0;32mI (31) boot: compile time Oct 10 2024 14:47:00[0m
[0;32mI (31) boot: Multicore bootloader[0m
[0;32mI (36) boot: chip revision: v1.1[0m
[0;32mI (40) boot.esp32: SPI Speed      : 40MHz[0m
[0;32mI (45) boot.esp32: SPI Mode       : DIO[0m
[0;32mI (49) boot.esp32: SPI Flash Size : 2MB[0m
[0;32mI (54) boot: Enabling RNG early entropy source...[0m
[0;32mI (59) boot: Partition Table:[0m
[0;32mI (63) boot: ## Label            Usage          Type ST Offset   Length[0m
[0;32mI (70) boot:  0 nvs              WiFi data        01 02 00009000 00006000[0m
[0;32mI (78) boot:  1 phy_init         RF data          01 01 0000f000 00001000[0m
[0;32mI (85) boot:  2 factory          factory app      00 00 00010000 00100000[0m
[0;32mI (93) boot: End of partition table[0m
[0;32mI (97) esp_image: segment 0: paddr=00010020 vaddr=3f400020 size=23ffch (147452) map[0m
[0;32mI (156) esp_image: segment 1: paddr=00034024 vaddr=3ffb0000 size=03ee0h ( 16096) load[0m
[0;32mI (162) esp_image: segment 2: paddr=00037f0c vaddr=40080000 size=0810ch ( 33036) load[0m
[0;32mI (175) esp_image: segment 3: paddr=00040020 vaddr=400d0020 size=938ach (604332) map[0m
[0;32mI (383) esp_image: segment 4: paddr=000d38d4 vaddr=4008810c size=0f32ch ( 62252) load[0m
[0;32mI (419) boot: Loaded app from partition at offset 0x10000[0m
[0;32mI (419) boot: Disabling RNG early entropy source...[0m
[0;32mI (431) cpu_start: Multicore app[0m
[0;32mI (439) cpu_start: Pro cpu start user code[0m
[0;32mI (439) cpu_start: cpu freq: 160000000 Hz[0m
[0;32mI (440) app_init: Application information:[0m
[0;32mI (442) app_init: Project name:     HealthST[0m
[0;32mI (447) app_init: App version:      1[0m
[0;32mI (452) app_init: Compile time:     Oct 11 2024 12:54:41[0m
[0;32mI (458) app_init: ELF file SHA256:  559c99400...[0m
[0;32mI (463) app_init: ESP-IDF:          v5.3.1-dirty[0m
[0;32mI (468) efuse_init: Min chip rev:     v0.0[0m
[0;32mI (473) efuse_init: Max chip rev:     v3.99 [0m
[0;32mI (478) efuse_init: Chip rev:         v1.1[0m
[0;32mI (483) heap_init: Initializing. RAM available for dynamic allocation:[0m
[0;32mI (490) heap_init: At 3FFAE6E0 len 00001920 (6 KiB): DRAM[0m
[0;32mI (496) heap_init: At 3FFB8460 len 00027BA0 (158 KiB): DRAM[0m
[0;32mI (502) heap_init: At 3FFE0440 len 00003AE0 (14 KiB): D/IRAM[0m
[0;32mI (509) heap_init: At 3FFE4350 len 0001BCB0 (111 KiB): D/IRAM[0m
[0;32mI (515) heap_init: At 40097438 len 00008BC8 (34 KiB): IRAM[0m
[0;32mI (523) spi_flash: detected chip: gd[0m
[0;32mI (525) spi_flash: flash io: dio[0m
[0;33mW (529) spi_flash: Detected size(4096k) larger than the size in the binary image header(2048k). Using the size in the binary image header.[0m
[0;32mI (544) main_task: Started on CPU0[0m
[0;32mI (554) main_task: Calling app_main()[0m
I (584) wifi:wifi driver task: 3ffbef2c, prio:23, stack:6656, core=0
I (594) wifi:wifi firmware version: ccaebfa
I (594) wifi:wifi certification version: v7.0
I (594) wifi:config NVS flash: enabled
I (594) wifi:config nano formating: disabled
I (594) wifi:Init data frame dynamic rx buffer num: 32
I (604) wifi:Init static rx mgmt buffer num: 5
I (604) wifi:Init management short buffer num: 32
I (614) wifi:Init dynamic tx buffer num: 32
I (614) wifi:Init static rx buffer size: 1600
I (624) wifi:Init static rx buffer num: 10
I (624) wifi:Init dynamic rx buffer num: 32
[0;32mI (624) wifi_init: rx ba win: 6[0m
[0;32mI (634) wifi_init: accept mbox: 6[0m
[0;32mI (634) wifi_init: tcpip mbox: 32[0m
[0;32mI (644) wifi_init: udp mbox: 6[0m
[0;32mI (644) wifi_init: tcp mbox: 6[0m
[0;32mI (644) wifi_init: tcp tx win: 5760[0m
[0;32mI (654) wifi_init: tcp rx win: 5760[0m
[0;32mI (654) wifi_init: tcp mss: 1440[0m
[0;32mI (654) wifi_init: WiFi IRAM OP enabled[0m
[0;32mI (664) wifi_init: WiFi RX IRAM OP enabled[0m
W (664) wifi:Password length matches WPA2 standards, authmode threshold changes from OPEN to WPA2
[0;32mI (674) phy_init: phy_version 4830,54550f7,Jun 20 2024,14:22:08[0m
I (754) wifi:mode : sta (e8:6b:ea:09:d5:24)
I (754) wifi:enable tsf
[0;32mI (764) wifi_init: Connecting to Wi-Fi...[0m
I (764) wifi:new:<6,2>, old:<1,0>, ap:<255,255>, sta:<6,2>, prof:1, snd_ch_cfg:0x0
I (764) wifi:state: init -> auth (0xb0)
I (784) wifi:state: auth -> assoc (0x0)
I (804) wifi:state: assoc -> run (0x10)
I (824) wifi:connected with Viá»‡t Anh, aid = 3, channel 6, 40D, bssid = 04:95:e6:6a:e9:30
I (824) wifi:security: WPA2-PSK, phy: bgn, rssi: -34
I (824) wifi:pm start, type: 1

I (824) wifi:dp: 1, bi: 102400, li: 3, scale listen interval from 307200 us to 307200 us
I (844) wifi:AP's beacon interval = 102400 us, DTIM period = 1

assert failed: tcpip_send_msg_wait_sem /IDF/components/lwip/lwip/src/api/tcpip.c:449 (Invalid mbox)


Backtrace: 0x40081a3e:0x3ffc75d0 0x400894c1:0x3ffc75f0 0x40091229:0x3ffc7610 0x40128e4a:0x3ffc7730 0x4013568d:0x3ffc7760 0x40126e3d:0x3ffc77a0 0x400e2001:0x3ffc77f0 0x400e230a:0x3ffc7850 0x400e25af:0x3ffc78c0 0x400e289c:0x3ffc7900 0x400e3a4a:0x3ffc7930 0x4015b011:0x3ffc7960 0x400d9026:0x3ffc7980 0x40089f9d:0x3ffc79b0




ELF file SHA256: 559c99400

Rebooting...
ets Jun  8 2016 00:22:57

rst:0xc (SW_CPU_RESET),boot:0x13 (SPI_FAST_FLASH_BOOT)
configsip: 188777542, SPIWP:0xee
clk_drv:0x00,q_drv:0x00,d_drv:0x00,cs0_drv:0x00,hd_drv:0x00,wp_drv:0x00
mode:DIO, clock div:2
load:0x3fff0030,len:7176
load:0x40078000,len:15564
ho 0 tail 12 room 4
load:0x40080400,len:4
load:0x40080404,len:3904
entry 0x40080640
[0;32mI (31) boot: ESP-IDF v5.3.1-dirty 2nd stage bootloader[0m
[0;32mI (31) boot: compile time Oct 10 2024 14:47:00[0m
[0;32mI (31) boot: Multicore bootloader[0m
[0;32mI (36) boot: chip revision: v1.1[0m
[0;32mI (40) boot.esp32: SPI Speed      : 40MHz[0m
[0;32mI (45) boot.esp32: SPI Mode       : DIO[0m
[0;32mI (49) boot.esp32: SPI Flash Size : 2MB[0m
[0;32mI (54) boot: Enabling RNG early entropy source...[0m
[0;32mI (59) boot: Partition Table:[0m
[0;32mI (63) boot: ## Label            Usage          Type ST Offset   Length[0m
[0;32mI (70) boot:  0 nvs              WiFi data        01 02 00009000 00006000[0m
[0;32mI (78) boot:  1 phy_init         RF data          01 01 0000f000 00001000[0m
[0;32mI (85) boot:  2 factory          factory app      00 00 00010000 00100000[0m
[0;32mI (93) boot: End of partition table[0m
[0;32mI (97) esp_image: segment 0: paddr=00010020 vaddr=3f400020 size=23ffch (147452) map[0m
[0;32mI (156) esp_image: segment 1: paddr=00034024 vaddr=3ffb0000 size=03ee0h ( 16096) load[0m
[0;32mI (162) esp_image: segment 2: paddr=00037f0c vaddr=40080000 size=0810ch ( 33036) load[0m
[0;32mI (175) esp_image: segment 3: paddr=00040020 vaddr=400d0020 size=938ach (604332) map[0m
[0;32mI (383) esp_image: segment 4: paddr=000d38d4 vaddr=4008810c size=0f32ch ( 62252) load[0m
[0;32mI (419) boot: Loaded app from partition at offset 0x10000[0m
[0;32mI (419) boot: Disabling RNG early entropy source...[0m
[0;32mI (431) cpu_start: Multicore app[0m
[0;32mI (439) cpu_start: Pro cpu start user code[0m
[0;32mI (439) cpu_start: cpu freq: 160000000 Hz[0m
[0;32mI (440) app_init: Application information:[0m
[0;32mI (442) app_init: Project name:     HealthST[0m
[0;32mI (447) app_init: App version:      1[0m
[0;32mI (452) app_init: Compile time:     Oct 11 2024 12:54:41[0m
[0;32mI (458) app_init: ELF file SHA256:  559c99400...[0m
[0;32mI (463) app_init: ESP-IDF:          v5.3.1-dirty[0m
[0;32mI (468) efuse_init: Min chip rev:     v0.0[0m
[0;32mI (473) efuse_init: Max chip rev:     v3.99 [0m
[0;32mI (478) efuse_init: Chip rev:         v1.1[0m
[0;32mI (483) heap_init: Initializing. RAM available for dynamic allocation:[0m
[0;32mI (490) heap_init: At 3FFAE6E0 len 00001920 (6 KiB): DRAM[0m
[0;32mI (496) heap_init: At 3FFB8460 len 00027BA0 (158 KiB): DRAM[0m
[0;32mI (502) heap_init: At 3FFE0440 len 00003AE0 (14 KiB): D/IRAM[0m
[0;32mI (509) heap_init: At 3FFE4350 len 0001BCB0 (111 KiB): D/IRAM[0m
[0;32mI (515) heap_init: At 40097438 len 00008BC8 (34 KiB): IRAM[0m
[0;32mI (523) spi_flash: detected chip: gd[0m
[0;32mI (525) spi_flash: flash io: dio[0m
[0;33mW (529) spi_flash: Detected size(4096k) larger than the size in the binary image header(2048k). Using the size in the binary image header.[0m
[0;32mI (544) main_task: Started on CPU0[0m
[0;32mI (554) main_task: Calling app_main()[0m
I (584) wifi:wifi driver task: 3ffbef2c, prio:23, stack:6656, core=0
I (594) wifi:wifi firmware version: ccaebfa
I (594) wifi:wifi certification version: v7.0
I (594) wifi:config NVS flash: enabled
I (594) wifi:config nano formating: disabled
I (594) wifi:Init data frame dynamic rx buffer num: 32
I (604) wifi:Init static rx mgmt buffer num: 5
I (604) wifi:Init management short buffer num: 32
I (614) wifi:Init dynamic tx buffer num: 32
I (614) wifi:Init static rx buffer size: 1600
I (624) wifi:Init static rx buffer num: 10
I (624) wifi:Init dynamic rx buffer num: 32
[0;32mI (624) wifi_init: rx ba win: 6[0m
[0;32mI (634) wifi_init: accept mbox: 6[0m
[0;32mI (634) wifi_init: tcpip mbox: 32[0m
[0;32mI (644) wifi_init: udp mbox: 6[0m
[0;32mI (644) wifi_init: tcp mbox: 6[0m
[0;32mI (644) wifi_init: tcp tx win: 5760[0m
[0;32mI (654) wifi_init: tcp rx win: 5760[0m
[0;32mI (654) wifi_init: tcp mss: 1440[0m
[0;32mI (654) wifi_init: WiFi IRAM OP enabled[0m
[0;32mI (664) wifi_init: WiFi RX IRAM OP enabled[0m
W (664) wifi:Password length matches WPA2 standards, authmode threshold changes from OPEN to WPA2
[0;32mI (674) phy_init: phy_version 4830,54550f7,Jun 20 2024,14:22:08[0m
I (754) wifi:mode : sta (e8:6b:ea:09:d5:24)
I (754) wifi:enable tsf
[0;32mI (764) wifi_init: Connecting to Wi-Fi...[0m
I (764) wifi:new:<6,2>, old:<1,0>, ap:<255,255>, sta:<6,2>, prof:1, snd_ch_cfg:0x0
I (774) wifi:state: init -> auth (0xb0)
I (784) wifi:state: auth -> assoc (0x0)
I (814) wifi:state: assoc -> run (0x10)
I (824) wifi:connected with Viá»‡t Anh, aid = 3, channel 6, 40D, bssid = 04:95:e6:6a:e9:30
I (824) wifi:security: WPA2-PSK, phy: bgn, rssi: -33
I (824) wifi:pm start, type: 1

I (824) wifi:dp: 1, bi: 102400, li: 3, scale listen interval from 307200 us to 307200 us
I (864) wifi:AP's beacon interval = 102400 us, DTIM period = 1

assert failed: tcpip_send_msg_wait_sem /IDF/components/lwip/lwip/src/api/tcpip.c:449 (Invalid mbox)


Backtrace: 0x40081a3e:0x3ffc75d0 0x400894c1:0x3ffc75f0 0x40091229:0x3ffc7610 0x40128e4a:0x3ffc7730 0x4013568d:0x3ffc7760 0x40126e3d:0x3ffc77a0 0x400e2001:0x3ffc77f0 0x400e230a:0x3ffc7850 0x400e25af:0x3ffc78c0 0x400e289c:0x3ffc7900 0x400e3a4a:0x3ffc7930 0x4015b011:0x3ffc7960 0x400d9026:0x3ffc7980 0x40089f9d:0x3ffc79b0




ELF file SHA256: 559c99400

Rebooting...
ets Jun  8 2016 00:22:57

rst:0xc (SW_CPU_RESET),boot:0x13 (SPI_FAST_FLASH_BOOT)
configsip: 188777542, SPIWP:0xee
clk_drv:0x00,q_drv:0x00,d_drv:0x00,cs0_drv:0x00,hd_drv:0x00,wp_drv:0x00
mode:DIO, clock div:2
load:0x3fff0030,len:7176
load:0x40078000,len:15564
ho 0 tail 12 room 4
load:0x40080400,len:4
load:0x40080404,len:3904
entry 0x40080640
[0;32mI (31) boot: ESP-IDF v5.3.1-dirty 2nd stage bootloader[0m
[0;32mI (31) boot: compile time Oct 10 2024 14:47:00[0m
[0;32mI (31) boot: Multicore bootloader[0m
[0;32mI (36) boot: chip revision: v1.1[0m
[0;32mI (40) boot.esp32: SPI Speed      : 40MHz[0m
[0;32mI (45) boot.esp32: SPI Mode       : DIO[0m
[0;32mI (49) boot.esp32: SPI Flash Size : 2MB[0m
[0;32mI (54) boot: Enabling RNG early entropy source...[0m
[0;32mI (59) boot: Partition Table:[0m
[0;32mI (63) boot: ## Label            Usage          Type ST Offset   Length[0m
[0;32mI (70) boot:  0 nvs              WiFi data        01 02 00009000 00006000[0m
[0;32mI (78) boot:  1 phy_init         RF data          01 01 0000f000 00001000[0m
[0;32mI (85) boot:  2 factory          factory app      00 00 00010000 00100000[0m
[0;32mI (93) boot: End of partition table[0m
[0;32mI (97) esp_image: segment 0: paddr=00010020 vaddr=3f400020 size=23ffch (147452) map[0m
[0;32mI (156) esp_image: segment 1: paddr=00034024 vaddr=3ffb0000 size=03ee0h ( 16096) load[0m
[0;32mI (162) esp_image: segment 2: paddr=00037f0c vaddr=40080000 size=0810ch ( 33036) load[0m
[0;32mI (175) esp_image: segment 3: paddr=00040020 vaddr=400d0020 size=938ach (604332) map[0m
[0;32mI (383) esp_image: segment 4: paddr=000d38d4 vaddr=4008810c size=0f32ch ( 62252) load[0m
[0;32mI (419) boot: Loaded app from partition at offset 0x10000[0m
[0;32mI (419) boot: Disabling RNG early entropy source...[0m
[0;32mI (431) cpu_start: Multicore app[0m
[0;32mI (439) cpu_start: Pro cpu start user code[0m
[0;32mI (439) cpu_start: cpu freq: 160000000 Hz[0m
[0;32mI (440) app_init: Application information:[0m
[0;32mI (442) app_init: Project name:     HealthST[0m
[0;32mI (447) app_init: App version:      1[0m
[0;32mI (452) app_init: Compile time:     Oct 11 2024 12:54:41[0m
[0;32mI (458) app_init: ELF file SHA256:  559c99400...[0m
[0;32mI (463) app_init: ESP-IDF:          v5.3.1-dirty[0m
[0;32mI (468) efuse_init: Min chip rev:     v0.0[0m
[0;32mI (473) efuse_init: Max chip rev:     v3.99 [0m
[0;32mI (478) efuse_init: Chip rev:         v1.1[0m
[0;32mI (483) heap_init: Initializing. RAM available for dynamic allocation:[0m
[0;32mI (490) heap_init: At 3FFAE6E0 len 00001920 (6 KiB): DRAM[0m
[0;32mI (496) heap_init: At 3FFB8460 len 00027BA0 (158 KiB): DRAM[0m
[0;32mI (502) heap_init: At 3FFE0440 len 00003AE0 (14 KiB): D/IRAM[0m
[0;32mI (509) heap_init: At 3FFE4350 len 0001BCB0 (111 KiB): D/IRAM[0m
[0;32mI (515) heap_init: At 40097438 len 00008BC8 (34 KiB): IRAM[0m
[0;32mI (523) spi_flash: detected chip: gd[0m
[0;32mI (525) spi_flash: flash io: dio[0m
[0;33mW (529) spi_flash: Detected size(4096k) larger than the size in the binary image header(2048k). Using the size in the binary image header.[0m
[0;32mI (544) main_task: Started on CPU0[0m
[0;32mI (554) main_task: Calling app_main()[0m
I (584) wifi:wifi driver task: 3ffbef2c, prio:23, stack:6656, core=0
I (594) wifi:wifi firmware version: ccaebfa
I (594) wifi:wifi certification version: v7.0
I (594) wifi:config NVS flash: enabled
I (594) wifi:config nano formating: disabled
I (594) wifi:Init data frame dynamic rx buffer num: 32
I (604) wifi:Init static rx mgmt buffer num: 5
I (604) wifi:Init management short buffer num: 32
I (614) wifi:Init dynamic tx buffer num: 32
I (614) wifi:Init static rx buffer size: 1600
I (624) wifi:Init static rx buffer num: 10
I (624) wifi:Init dynamic rx buffer num: 32
[0;32mI (624) wifi_init: rx ba win: 6[0m
[0;32mI (634) wifi_init: accept mbox: 6[0m
[0;32mI (634) wifi_init: tcpip mbox: 32[0m
[0;32mI (644) wifi_init: udp mbox: 6[0m
[0;32mI (644) wifi_init: tcp mbox: 6[0m
[0;32mI (644) wifi_init: tcp tx win: 5760[0m
[0;32mI (654) wifi_init: tcp rx win: 5760[0m
[0;32mI (654) wifi_init: tcp mss: 1440[0m
[0;32mI (654) wifi_init: WiFi IRAM OP enabled[0m
[0;32mI (664) wifi_init: WiFi RX IRAM OP enabled[0m
W (664) wifi:Password length matches WPA2 standards, authmode threshold changes from OPEN to WPA2
[0;32mI (674) phy_init: phy_version 4830,54550f7,Jun 20 2024,14:22:08[0m
[0;33mW (754) phy_init: saving new calibration data because of checksum failure, mode(0)[0m
I (774) wifi:mode : sta (e8:6b:ea:09:d5:24)
I (774) wifi:enable tsf
[0;32mI (774) wifi_init: Connecting to Wi-Fi...[0m
I (784) wifi:new:<6,2>, old:<1,0>, ap:<255,255>, sta:<6,2>, prof:1, snd_ch_cfg:0x0
I (794) wifi:state: init -> auth (0xb0)
I (804) wifi:state: auth -> assoc (0x0)
I (824) wifi:state: assoc -> run (0x10)
I (834) wifi:connected with Viá»‡t Anh, aid = 3, channel 6, 40D, bssid = 04:95:e6:6a:e9:30
I (834) wifi:security: WPA2-PSK, phy: bgn, rssi: -32
I (844) wifi:pm start, type: 1

I (844) wifi:dp: 1, bi: 102400, li: 3, scale listen interval from 307200 us to 307200 us
I (894) wifi:AP's beacon interval = 102400 us, DTIM period = 1

assert failed: tcpip_send_msg_wait_sem /IDF/components/lwip/lwip/src/api/tcpip.c:449 (Invalid mbox)


Backtrace: 0x40081a3e:0x3ffc7550 0x400894c1:0x3ffc7570 0x40091229:0x3ffc7590 0x40128e4a:0x3ffc76b0 0x4013568d:0x3ffc76e0 0x40126e3d:0x3ffc7720 0x400e2001:0x3ffc7770 0x400e230a:0x3ffc77d0 0x400e25af:0x3ffc7840 0x400e289c:0x3ffc7880 0x400e3a4a:0x3ffc78b0 0x4015b011:0x3ffc78e0 0x400d9026:0x3ffc7900 0x40089f9d:0x3ffc7930




ELF file SHA256: 559c99400

Rebooting...
ets Jun  8 2016 00:22:57

rst:0xc (SW_CPU_RESET),boot:0x13 (SPI_FAST_FLASH_BOOT)
configsip: 188777542, SPIWP:0xee
clk_drv:0x00,q_drv:0x00,d_drv:0x00,cs0_drv:0x00,hd_drv:0x00,wp_drv:0x00
mode:DIO, clock div:2
load:0x3fff0030,len:7176
load:0x40078000,len:15564
ho 0 tail 12 room 4
load:0x40080400,len:4
load:0x40080404,len:3904
entry 0x40080640
[0;32mI (31) boot: ESP-IDF v5.3.1-dirty 2nd stage bootloader[0m
[0;32mI (31) boot: compile time Oct 10 2024 14:47:00[0m
[0;32mI (31) boot: Multicore bootloader[0m
[0;32mI (36) boot: chip revision: v1.1[0m
[0;32mI (40) boot.esp32: SPI Speed      : 40MHz[0m
[0;32mI (45) boot.esp32: SPI Mode       : DIO[0m
[0;32mI (49) boot.esp32: SPI Flash Size : 2MB[0m
[0;32mI (54) boot: Enabling RNG early entropy source...[0m
[0;32mI (59) boot: Partition Table:[0m
[0;32mI (63) boot: ## Label            Usage          Type ST Offset   Length[0m
[0;32mI (70) boot:  0 nvs              WiFi data        01 02 00009000 00006000[0m
[0;32mI (78) boot:  1 phy_init         RF data          01 01 0000f000 00001000[0m
[0;32mI (85) boot:  2 factory          factory app      00 00 00010000 00100000[0m
[0;32mI (93) boot: End of partition table[0m
[0;32mI (97) esp_image: segment 0: paddr=00010020 vaddr=3f400020 size=23ffch (147452) map[0m
[0;32mI (156) esp_image: segment 1: paddr=00034024 vaddr=3ffb0000 size=03ee0h ( 16096) load[0m
[0;32mI (162) esp_image: segment 2: paddr=00037f0c vaddr=40080000 size=0810ch ( 33036) load[0m
[0;32mI (175) esp_image: segment 3: paddr=00040020 vaddr=400d0020 size=938ach (604332) map[0m
[0;32mI (383) esp_image: segment 4: paddr=000d38d4 vaddr=4008810c size=0f32ch ( 62252) load[0m
[0;32mI (419) boot: Loaded app from partition at offset 0x10000[0m
[0;32mI (419) boot: Disabling RNG early entropy source...[0m
[0;32mI (431) cpu_start: Multicore app[0m
[0;32mI (439) cpu_start: Pro cpu start user code[0m
[0;32mI (439) cpu_start: cpu freq: 160000000 Hz[0m
[0;32mI (440) app_init: Application information:[0m
[0;32mI (442) app_init: Project name:     HealthST[0m
[0;32mI (447) app_init: App version:      1[0m
[0;32mI (452) app_init: Compile time:     Oct 11 2024 12:54:41[0m
[0;32mI (458) app_init: ELF file SHA256:  559c99400...[0m
[0;32mI (463) app_init: ESP-IDF:          v5.3.1-dirty[0m
[0;32mI (468) efuse_init: Min chip rev:     v0.0[0m
[0;32mI (473) efuse_init: Max chip rev:     v3.99 [0m
[0;32mI (478) efuse_init: Chip rev:         v1.1[0m
[0;32mI (483) heap_init: Initializing. RAM available for dynamic allocation:[0m
[0;32mI (490) heap_init: At 3FFAE6E0 len 00001920 (6 KiB): DRAM[0m
[0;32mI (496) heap_init: At 3FFB8460 len 00027BA0 (158 KiB): DRAM[0m
[0;32mI (502) heap_init: At 3FFE0440 len 00003AE0 (14 KiB): D/IRAM[0m
[0;32mI (509) heap_init: At 3FFE4350 len 0001BCB0 (111 KiB): D/IRAM[0m
[0;32mI (515) heap_init: At 40097438 len 00008BC8 (34 KiB): IRAM[0m
[0;32mI (523) spi_flash: detected chip: gd[0m
[0;32mI (525) spi_flash: flash io: dio[0m
[0;33mW (529) spi_flash: Detected size(4096k) larger than the size in the binary image header(2048k). Using the size in the binary image header.[0m
[0;32mI (544) main_task: Started on CPU0[0m
[0;32mI (554) main_task: Calling app_main()[0m
I (584) wifi:wifi driver task: 3ffbeea8, prio:23, stack:6656, core=0
I (594) wifi:wifi firmware version: ccaebfa
I (594) wifi:wifi certification version: v7.0
I (594) wifi:config NVS flash: enabled
I (594) wifi:config nano formating: disabled
I (594) wifi:Init data frame dynamic rx buffer num: 32
I (604) wifi:Init static rx mgmt buffer num: 5
I (604) wifi:Init management short buffer num: 32
I (614) wifi:Init dynamic tx buffer num: 32
I (614) wifi:Init static rx buffer size: 1600
I (624) wifi:Init static rx buffer num: 10
I (624) wifi:Init dynamic rx buffer num: 32
[0;32mI (624) wifi_init: rx ba win: 6[0m
[0;32mI (634) wifi_init: accept mbox: 6[0m
[0;32mI (634) wifi_init: tcpip mbox: 32[0m
[0;32mI (644) wifi_init: udp mbox: 6[0m
[0;32mI (644) wifi_init: tcp mbox: 6[0m
[0;32mI (644) wifi_init: tcp tx win: 5760[0m
[0;32mI (654) wifi_init: tcp rx win: 5760[0m
[0;32mI (654) wifi_init: tcp mss: 1440[0m
[0;32mI (654) wifi_init: WiFi IRAM OP enabled[0m
[0;32mI (664) wifi_init: WiFi RX IRAM OP enabled[0m
W (664) wifi:Password length matches WPA2 standards, authmode threshold changes from OPEN to WPA2
[0;32mI (674) phy_init: phy_version 4830,54550f7,Jun 20 2024,14:22:08[0m
[0;33mW (754) phy_init: saving new calibration data because of checksum failure, mode(0)[0m
I (814) wifi:mode : sta (e8:6b:ea:09:d5:24)
I (814) wifi:enable tsf
[0;32mI (814) wifi_init: Connecting to Wi-Fi...[0m
I (824) wifi:new:<6,2>, old:<1,0>, ap:<255,255>, sta:<6,2>, prof:1, snd_ch_cfg:0x0
I (824) wifi:state: init -> auth (0xb0)
I (844) wifi:state: auth -> assoc (0x0)
I (864) wifi:state: assoc -> run (0x10)
I (874) wifi:connected with Viá»‡t Anh, aid = 3, channel 6, 40D, bssid = 04:95:e6:6a:e9:30
I (874) wifi:security: WPA2-PSK, phy: bgn, rssi: -32
I (884) wifi:pm start, type: 1

I (884) wifi:dp: 1, bi: 102400, li: 3, scale listen interval from 307200 us to 307200 us
I (904) wifi:AP's beacon interval = 102400 us, DTIM period = 1

assert failed: tcpip_send_msg_wait_sem /IDF/components/lwip/lwip/src/api/tcpip.c:449 (Invalid mbox)


Backtrace: 0x40081a3e:0x3ffc75e0 0x400894c1:0x3ffc7600 0x40091229:0x3ffc7620 0x40128e4a:0x3ffc7740 0x4013568d:0x3ffc7770 0x40126e3d:0x3ffc77b0 0x400e2001:0x3ffc7800 0x400e230a:0x3ffc7860 0x400e25af:0x3ffc78d0 0x400e289c:0x3ffc7910 0x400e3a4a:0x3ffc7940 0x4015b011:0x3ffc7970 0x400d9026:0x3ffc7990 0x40089f9d:0x3ffc79c0




ELF file SHA256: 559c99400

Rebooting...
ets Jun  8 2016 00:22:57

rst:0xc (SW_CPU_RESET),boot:0x13 (SPI_FAST_FLASH_BOOT)
configsip: 188777542, SPIWP:0xee
clk_drv:0x00,q_drv:0x00,d_drv:0x00,cs0_drv:0x00,hd_drv:0x00,wp_drv:0x00
mode:DIO, clock div:2
load:0x3fff0030,len:7176
load:0x40078000,len:15564
ho 0 tail 12 room 4
load:0x40080400,len:4
load:0x40080404,len:3904
entry 0x40080640
[0;32mI (31) boot: ESP-IDF v5.3.1-dirty 2nd stage bootloader[0m
[0;32mI (31) boot: compile time Oct 10 2024 14:47:00[0m
[0;32mI (31) boot: Multicore bootloader[0m
[0;32mI (36) boot: chip revision: v1.1[0m
[0;32mI (40) boot.esp32: SPI Speed      : 40MHz[0m
[0;32mI (45) boot.esp32: SPI Mode       : DIO[0m
[0;32mI (49) boot.esp32: SPI Flash Size : 2MB[0m
[0;32mI (54) boot: Enabling RNG early entropy source...[0m
[0;32mI (59) boot: Partition Table:[0m
[0;32mI (63) boot: ## Label            Usage          Type ST Offset   Length[0m
[0;32mI (70) boot:  0 nvs              WiFi data        01 02 00009000 00006000[0m
[0;32mI (78) boot:  1 phy_init         RF data          01 01 0000f000 00001000[0m
[0;32mI (85) boot:  2 factory          factory app      00 00 00010000 00100000[0m
[0;32mI (93) boot: End of partition table[0m
[0;32mI (97) esp_image: segment 0: paddr=00010020 vaddr=3f400020 size=23ffch (147452) map[0m
[0;32mI (156) esp_image: segment 1: paddr=00034024 vaddr=3ffb0000 size=03ee0h ( 16096) load[0m
[0;32mI (162) esp_image: segment 2: paddr=00037f0c vaddr=40080000 size=0810ch ( 33036) load[0m
[0;32mI (175) esp_image: segment 3: paddr=00040020 vaddr=400d0020 size=938ach (604332) map[0m
[0;32mI (383) esp_image: segment 4: paddr=000d38d4 vaddr=4008810c size=0f32ch ( 62252) load[0m
[0;32mI (419) boot: Loaded app from partition at offset 0x10000[0m
[0;32mI (419) boot: Disabling RNG early entropy source...[0m
[0;32mI (431) cpu_start: Multicore app[0m
[0;32mI (439) cpu_start: Pro cpu start user code[0m
[0;32mI (439) cpu_start: cpu freq: 160000000 Hz[0m
[0;32mI (440) app_init: Application information:[0m
[0;32mI (442) app_init: Project name:     HealthST[0m
[0;32mI (447) app_init: App version:      1[0m
[0;32mI (452) app_init: Compile time:     Oct 11 2024 12:54:41[0m
[0;32mI (458) app_init: ELF file SHA256:  559c99400...[0m
[0;32mI (463) app_init: ESP-IDF:          v5.3.1-dirty[0m
[0;32mI (468) efuse_init: Min chip rev:     v0.0[0m
[0;32mI (473) efuse_init: Max chip rev:     v3.99 [0m
[0;32mI (478) efuse_init: Chip rev:         v1.1[0m
[0;32mI (483) heap_init: Initializing. RAM available for dynamic allocation:[0m
[0;32mI (490) heap_init: At 3FFAE6E0 len 00001920 (6 KiB): DRAM[0m
[0;32mI (496) heap_init: At 3FFB8460 len 00027BA0 (158 KiB): DRAM[0m
[0;32mI (502) heap_init: At 3FFE0440 len 00003AE0 (14 KiB): D/IRAM[0m
[0;32mI (509) heap_init: At 3FFE4350 len 0001BCB0 (111 KiB): D/IRAM[0m
[0;32mI (515) heap_init: At 40097438 len 00008BC8 (34 KiB): IRAM[0m
[0;32mI (523) spi_flash: detected chip: gd[0m
[0;32mI (526) spi_flash: flash io: dio[0m
[0;33mW (529) spi_flash: Detected size(4096k) larger than the size in the binary image header(2048k). Using the size in the binary image header.[0m
[0;32mI (544) main_task: Started on CPU0[0m
[0;32mI (554) main_task: Calling app_main()[0m
I (584) wifi:wifi driver task: 3ffbef2c, prio:23, stack:6656, core=0
I (594) wifi:wifi firmware version: ccaebfa
I (594) wifi:wifi certification version: v7.0
I (594) wifi:config NVS flash: enabled
I (594) wifi:config nano formating: disabled
I (594) wifi:Init data frame dynamic rx buffer num: 32
I (604) wifi:Init static rx mgmt buffer num: 5
I (604) wifi:Init management short buffer num: 32
I (614) wifi:Init dynamic tx buffer num: 32
I (614) wifi:Init static rx buffer size: 1600
I (624) wifi:Init static rx buffer num: 10
I (624) wifi:Init dynamic rx buffer num: 32
[0;32mI (624) wifi_init: rx ba win: 6[0m
[0;32mI (634) wifi_init: accept mbox: 6[0m
[0;32mI (634) wifi_init: tcpip mbox: 32[0m
[0;32mI (644) wifi_init: udp mbox: 6[0m
[0;32mI (644) wifi_init: tcp mbox: 6[0m
[0;32mI (644) wifi_init: tcp tx win: 5760[0m
[0;32mI (654) wifi_init: tcp rx win: 5760[0m
[0;32mI (654) wifi_init: tcp mss: 1440[0m
[0;32mI (654) wifi_init: WiFi IRAM OP enabled[0m
[0;32mI (664) wifi_init: WiFi RX IRAM OP enabled[0m
W (664) wifi:Password length matches WPA2 standards, authmode threshold changes from OPEN to WPA2
[0;32mI (674) phy_init: phy_version 4830,54550f7,Jun 20 2024,14:22:08[0m
[0;33mW (754) phy_init: saving new calibration data because of checksum failure, mode(0)[0m
I (774) wifi:mode : sta (e8:6b:ea:09:d5:24)
I (774) wifi:enable tsf
[0;32mI (774) wifi_init: Connecting to Wi-Fi...[0m
I (784) wifi:new:<6,2>, old:<1,0>, ap:<255,255>, sta:<6,2>, prof:1, snd_ch_cfg:0x0
I (784) wifi:state: init -> auth (0xb0)
I (804) wifi:state: auth -> assoc (0x0)
I (824) wifi:state: assoc -> run (0x10)
I (844) wifi:connected with Viá»‡t Anh, aid = 3, channel 6, 40D, bssid = 04:95:e6:6a:e9:30
I (844) wifi:security: WPA2-PSK, phy: bgn, rssi: -32
I (844) wifi:pm start, type: 1

I (844) wifi:dp: 1, bi: 102400, li: 3, scale listen interval from 307200 us to 307200 us
I (874) wifi:AP's beacon interval = 102400 us, DTIM period = 1

assert failed: tcpip_send_msg_wait_sem /IDF/components/lwip/lwip/src/api/tcpip.c:449 (Invalid mbox)


Backtrace: 0x40081a3e:0x3ffc7550 0x400894c1:0x3ffc7570 0x40091229:0x3ffc7590 0x40128e4a:0x3ffc76b0 0x4013568d:0x3ffc76e0 0x40126e3d:0x3ffc7720 0x400e2001:0x3ffc7770 0x400e230a:0x3ffc77d0 0x400e25af:0x3ffc7840 0x400e289c:0x3ffc7880 0x400e3a4a:0x3ffc78b0 0x4015b011:0x3ffc78e0 0x400d9026:0x3ffc7900 0x40089f9d:0x3ffc7930




ELF file SHA256: 559c99400

Rebooting...
ets Jun  8 2016 00:22:57

rst:0xc (SW_CPU_RESET),boot:0x13 (SPI_FAST_FLASH_BOOT)
configsip: 188777542, SPIWP:0xee
clk_drv:0x00,q_drv:0x00,d_drv:0x00,cs0_drv:0x00,hd_drv:0x00,wp_drv:0x00
mode:DIO, clock div:2
load:0x3fff0030,len:7176
load:0x40078000,len:15564
ho 0 tail 12 room 4
load:0x40080400,len:4
load:0x40080404,len:3904
entry 0x40080640
[0;32mI (31) boot: ESP-IDF v5.3.1-dirty 2nd stage bootloader[0m
[0;32mI (31) boot: compile time Oct 10 2024 14:47:00[0m
[0;32mI (31) boot: Multicore bootloader[0m
[0;32mI (36) boot: chip revision: v1.1[0m
[0;32mI (40) boot.esp32: SPI Speed      : 40MHz[0m
[0;32mI (45) boot.esp32: SPI Mode       : DIO[0m
[0;32mI (49) boot.esp32: SPI Flash Size : 2MB[0m
[0;32mI (54) boot: Enabling RNG early entropy source...[0m
[0;32mI (59) boot: Partition Table:[0m
[0;32mI (63) boot: ## Label            Usage          Type ST Offset   Length[0m
[0;32mI (70) boot:  0 nvs              WiFi data        01 02 00009000 00006000[0m
[0;32mI (78) boot:  1 phy_init         RF data          01 01 0000f000 00001000[0m
[0;32mI (85) boot:  2 factory          factory app      00 00 00010000 00100000[0m
[0;32mI (93) boot: End of partition table[0m
[0;32mI (97) esp_image: segment 0: paddr=00010020 vaddr=3f400020 size=23ffch (147452) map[0m
[0;32mI (156) esp_image: segment 1: paddr=00034024 vaddr=3ffb0000 size=03ee0h ( 16096) load[0m
[0;32mI (162) esp_image: segment 2: paddr=00037f0c vaddr=40080000 size=0810ch ( 33036) load[0m
[0;32mI (175) esp_image: segment 3: paddr=00040020 vaddr=400d0020 size=938ach (604332) map[0m
[0;32mI (383) esp_image: segment 4: paddr=000d38d4 vaddr=4008810c size=0f32ch ( 62252) load[0m
[0;32mI (419) boot: Loaded app from partition at offset 0x10000[0m
[0;32mI (419) boot: Disabling RNG early entropy source...[0m
[0;32mI (431) cpu_start: Multicore app[0m
[0;32mI (439) cpu_start: Pro cpu start user code[0m
[0;32mI (439) cpu_start: cpu freq: 160000000 Hz[0m
[0;32mI (440) app_init: Application information:[0m
[0;32mI (442) app_init: Project name:     HealthST[0m
[0;32mI (447) app_init: App version:      1[0m
[0;32mI (452) app_init: Compile time:     Oct 11 2024 12:54:41[0m
[0;32mI (458) app_init: ELF file SHA256:  559c99400...[0m
[0;32mI (463) app_init: ESP-IDF:          v5.3.1-dirty[0m
[0;32mI (468) efuse_init: Min chip rev:     v0.0[0m
[0;32mI (473) efuse_init: Max chip rev:     v3.99 [0m
[0;32mI (478) efuse_init: Chip rev:         v1.1[0m
[0;32mI (483) heap_init: Initializing. RAM available for dynamic allocation:[0m
[0;32mI (490) heap_init: At 3FFAE6E0 len 00001920 (6 KiB): DRAM[0m
[0;32mI (496) heap_init: At 3FFB8460 len 00027BA0 (158 KiB): DRAM[0m
[0;32mI (502) heap_init: At 3FFE0440 len 00003AE0 (14 KiB): D/IRAM[0m
[0;32mI (509) heap_init: At 3FFE4350 len 0001BCB0 (111 KiB): D/IRAM[0m
[0;32mI (515) heap_init: At 40097438 len 00008BC8 (34 KiB): IRAM[0m
[0;32mI (523) spi_flash: detected chip: gd[0m
[0;32mI (525) spi_flash: flash io: dio[0m
[0;33mW (529) spi_flash: Detected size(4096k) larger than the size in the binary image header(2048k). Using the size in the binary image header.[0m
[0;32mI (544) main_task: Started on CPU0[0m
[0;32mI (554) main_task: Calling app_main()[0m
I (584) wifi:wifi driver task: 3ffbeea8, prio:23, stack:6656, core=0
I (594) wifi:wifi firmware version: ccaebfa
I (594) wifi:wifi certification version: v7.0
I (594) wifi:config NVS flash: enabled
I (594) wifi:config nano formating: disabled
I (594) wifi:Init data frame dynamic rx buffer num: 32
I (604) wifi:Init static rx mgmt buffer num: 5
I (604) wifi:Init management short buffer num: 32
I (614) wifi:Init dynamic tx buffer num: 32
I (614) wifi:Init static rx buffer size: 1600
I (624) wifi:Init static rx buffer num: 10
I (624) wifi:Init dynamic rx buffer num: 32
[0;32mI (624) wifi_init: rx ba win: 6[0m
[0;32mI (634) wifi_init: accept mbox: 6[0m
[0;32mI (634) wifi_init: tcpip mbox: 32[0m
[0;32mI (644) wifi_init: udp mbox: 6[0m
[0;32mI (644) wifi_init: tcp mbox: 6[0m
[0;32mI (644) wifi_init: tcp tx win: 5760[0m
[0;32mI (654) wifi_init: tcp rx win: 5760[0m
[0;32mI (654) wifi_init: tcp mss: 1440[0m
[0;32mI (654) wifi_init: WiFi IRAM OP enabled[0m
[0;32mI (664) wifi_init: WiFi RX IRAM OP enabled[0m
W (664) wifi:Password length matches WPA2 standards, authmode threshold changes from OPEN to WPA2
[0;32mI (674) phy_init: phy_version 4830,54550f7,Jun 20 2024,14:22:08[0m
I (754) wifi:mode : sta (e8:6b:ea:09:d5:24)
I (754) wifi:enable tsf
[0;32mI (764) wifi_init: Connecting to Wi-Fi...[0m
I (764) wifi:new:<6,2>, old:<1,0>, ap:<255,255>, sta:<6,2>, prof:1, snd_ch_cfg:0x0
I (774) wifi:state: init -> auth (0xb0)
I (784) wifi:state: auth -> assoc (0x0)
I (804) wifi:state: assoc -> run (0x10)
I (814) wifi:connected with Viá»‡t Anh, aid = 3, channel 6, 40D, bssid = 04:95:e6:6a:e9:30
I (824) wifi:security: WPA2-PSK, phy: bgn, rssi: -31
I (824) wifi:pm start, type: 1

I (824) wifi:dp: 1, bi: 102400, li: 3, scale listen interval from 307200 us to 307200 us
I (884) wifi:AP's beacon interval = 102400 us, DTIM period = 1

assert failed: tcpip_send_msg_wait_sem /IDF/components/lwip/lwip/src/api/tcpip.c:449 (Invalid mbox)


Backtrace: 0x40081a3e:0x3ffc7550 0x400894c1:0x3ffc7570 0x40091229:0x3ffc7590 0x40128e4a:0x3ffc76b0 0x4013568d:0x3ffc76e0 0x40126e3d:0x3ffc7720 0x400e2001:0x3ffc7770 0x400e230a:0x3ffc77d0 0x400e25af:0x3ffc7840 0x400e289c:0x3ffc7880 0x400e3a4a:0x3ffc78b0 0x4015b011:0x3ffc78e0 0x400d9026:0x3ffc7900 0x40089f9d:0x3ffc7930




ELF file SHA256: 559c99400

Rebooting...
ets Jun  8 2016 00:22:57

rst:0xc (SW_CPU_RESET),boot:0x13 (SPI_FAST_FLASH_BOOT)
configsip: 188777542, SPIWP:0xee
clk_drv:0x00,q_drv:0x00,d_drv:0x00,cs0_drv:0x00,hd_drv:0x00,wp_drv:0x00
mode:DIO, clock div:2
load:0x3fff0030,len:7176
load:0x40078000,len:15564
ho 0 tail 12 room 4
load:0x40080400,len:4
load:0x40080404,len:3904
entry 0x40080640
[0;32mI (31) boot: ESP-IDF v5.3.1-dirty 2nd stage bootloader[0m
[0;32mI (31) boot: compile time Oct 10 2024 14:47:00[0m
[0;32mI (31) boot: Multicore bootloader[0m
[0;32mI (36) boot: chip revision: v1.1[0m
[0;32mI (40) boot.esp32: SPI Speed      : 40MHz[0m
[0;32mI (45) boot.esp32: SPI Mode       : DIO[0m
[0;32mI (49) boot.esp32: SPI Flash Size : 2MB[0m
[0;32mI (54) boot: Enabling RNG early entropy source...[0m
[0;32mI (59) boot: Partition Table:[0m
[0;32mI (63) boot: ## Label            Usage          Type ST Offset   Length[0m
[0;32mI (70) boot:  0 nvs              WiFi data        01 02 00009000 00006000[0m
[0;32mI (78) boot:  1 phy_init         RF data          01 01 0000f000 00001000[0m
[0;32mI (85) boot:  2 factory          factory app      00 00 00010000 00100000[0m
[0;32mI (93) boot: End of partition table[0m
[0;32mI (97) esp_image: segment 0: paddr=00010020 vaddr=3f400020 size=23ffch (147452) map[0m
[0;32mI (156) esp_image: segment 1: paddr=00034024 vaddr=3ffb0000 size=03ee0h ( 16096) load[0m
[0;32mI (162) esp_image: segment 2: paddr=00037f0c vaddr=40080000 size=0810ch ( 33036) load[0m
[0;32mI (175) esp_image: segment 3: paddr=00040020 vaddr=400d0020 size=938ach (604332) map[0m
[0;32mI (383) esp_image: segment 4: paddr=000d38d4 vaddr=4008810c size=0f32ch ( 62252) load[0m
[0;32mI (419) boot: Loaded app from partition at offset 0x10000[0m
[0;32mI (419) boot: Disabling RNG early entropy source...[0m
[0;32mI (431) cpu_start: Multicore app[0m
[0;32mI (439) cpu_start: Pro cpu start user code[0m
[0;32mI (439) cpu_start: cpu freq: 160000000 Hz[0m
[0;32mI (440) app_init: Application information:[0m
[0;32mI (442) app_init: Project name:     HealthST[0m
[0;32mI (447) app_init: App version:      1[0m
[0;32mI (452) app_init: Compile time:     Oct 11 2024 12:54:41[0m
[0;32mI (458) app_init: ELF file SHA256:  559c99400...[0m
[0;32mI (463) app_init: ESP-IDF:          v5.3.1-dirty[0m
[0;32mI (468) efuse_init: Min chip rev:     v0.0[0m
[0;32mI (473) efuse_init: Max chip rev:     v3.99 [0m
[0;32mI (478) efuse_init: Chip rev:         v1.1[0m
[0;32mI (483) heap_init: Initializing. RAM available for dynamic allocation:[0m
[0;32mI (490) heap_init: At 3FFAE6E0 len 00001920 (6 KiB): DRAM[0m
[0;32mI (496) heap_init: At 3FFB8460 len 00027BA0 (158 KiB): DRAM[0m
[0;32mI (502) heap_init: At 3FFE0440 len 00003AE0 (14 KiB): D/IRAM[0m
[0;32mI (509) heap_init: At 3FFE4350 len 0001BCB0 (111 KiB): D/IRAM[0m
[0;32mI (515) heap_init: At 40097438 len 00008BC8 (34 KiB): IRAM[0m
[0;32mI (523) spi_flash: detected chip: gd[0m
[0;32mI (525) spi_flash: flash io: dio[0m
[0;33mW (529) spi_flash: Detected size(4096k) larger than the size in the binary image header(2048k). Using the size in the binary image header.[0m
[0;32mI (544) main_task: Started on CPU0[0m
[0;32mI (554) main_task: Calling app_main()[0m
I (584) wifi:wifi driver task: 3ffbeea8, prio:23, stack:6656, core=0
I (594) wifi:wifi firmware version: ccaebfa
I (594) wifi:wifi certification version: v7.0
I (594) wifi:config NVS flash: enabled
I (594) wifi:config nano formating: disabled
I (594) wifi:Init data frame dynamic rx buffer num: 32
I (604) wifi:Init static rx mgmt buffer num: 5
I (604) wifi:Init management short buffer num: 32
I (614) wifi:Init dynamic tx buffer num: 32
I (614) wifi:Init static rx buffer size: 1600
I (624) wifi:Init static rx buffer num: 10
I (624) wifi:Init dynamic rx buffer num: 32
[0;32mI (624) wifi_init: rx ba win: 6[0m
[0;32mI (634) wifi_init: accept mbox: 6[0m
[0;32mI (634) wifi_init: tcpip mbox: 32[0m
[0;32mI (644) wifi_init: udp mbox: 6[0m
[0;32mI (644) wifi_init: tcp mbox: 6[0m
[0;32mI (644) wifi_init: tcp tx win: 5760[0m
[0;32mI (654) wifi_init: tcp rx win: 5760[0m
[0;32mI (654) wifi_init: tcp mss: 1440[0m
[0;32mI (654) wifi_init: WiFi IRAM OP enabled[0m
[0;32mI (664) wifi_init: WiFi RX IRAM OP enabled[0m
W (664) wifi:Password length matches WPA2 standards, authmode threshold changes from OPEN to WPA2
[0;32mI (674) phy_init: phy_version 4830,54550f7,Jun 20 2024,14:22:08[0m
I (754) wifi:mode : sta (e8:6b:ea:09:d5:24)
I (754) wifi:enable tsf
[0;32mI (764) wifi_init: Connecting to Wi-Fi...[0m
I (764) wifi:new:<6,2>, old:<1,0>, ap:<255,255>, sta:<6,2>, prof:1, snd_ch_cfg:0x0
I (774) wifi:state: init -> auth (0xb0)
I (784) wifi:state: auth -> assoc (0x0)
I (804) wifi:state: assoc -> run (0x10)
I (824) wifi:connected with Viá»‡t Anh, aid = 3, channel 6, 40D, bssid = 04:95:e6:6a:e9:30
I (824) wifi:security: WPA2-PSK, phy: bgn, rssi: -30
I (824) wifi:pm start, type: 1

I (824) wifi:dp: 1, bi: 102400, li: 3, scale listen interval from 307200 us to 307200 us
I (914) wifi:AP's beacon interval = 102400 us, DTIM period = 1

assert failed: tcpip_send_msg_wait_sem /IDF/components/lwip/lwip/src/api/tcpip.c:449 (Invalid mbox)


Backtrace: 0x40081a3e:0x3ffc7550 0x400894c1:0x3ffc7570 0x40091229:0x3ffc7590 0x40128e4a:0x3ffc76b0 0x4013568d:0x3ffc76e0 0x40126e3d:0x3ffc7720 0x400e2001:0x3ffc7770 0x400e230a:0x3ffc77d0 0x400e25af:0x3ffc7840 0x400e289c:0x3ffc7880 0x400e3a4a:0x3ffc78b0 0x4015b011:0x3ffc78e0 0x400d9026:0x3ffc7900 0x40089f9d:0x3ffc7930




ELF file SHA256: 559c99400

Rebooting...
ets Jun  8 2016 00:22:57

rst:0xc (SW_CPU_RESET),boot:0x13 (SPI_FAST_FLASH_BOOT)
configsip: 188777542, SPIWP:0xee
clk_drv:0x00,q_drv:0x00,d_drv:0x00,cs0_drv:0x00,hd_drv:0x00,wp_drv:0x00
mode:DIO, clock div:2
load:0x3fff0030,len:7176
load:0x40078000,len:15564
ho 0 tail 12 room 4
load:0x40080400,len:4
load:0x40080404,len:3904
entry 0x40080640
[0;32mI (31) boot: ESP-IDF v5.3.1-dirty 2nd stage bootloader[0m
[0;32mI (31) boot: compile time Oct 10 2024 14:47:00[0m
[0;32mI (31) boot: Multicore bootloader[0m
[0;32mI (36) boot: chip revision: v1.1[0m
[0;32mI (40) boot.esp32: SPI Speed      : 40MHz[0m
[0;32mI (45) boot.esp32: SPI Mode       : DIO[0m
[0;32mI (49) boot.esp32: SPI Flash Size : 2MB[0m
[0;32mI (54) boot: Enabling RNG early entropy source...[0m
[0;32mI (59) boot: Partition Table:[0m
[0;32mI (63) boot: ## Label            Usage          Type ST Offset   Length[0m
[0;32mI (70) boot:  0 nvs              WiFi data        01 02 00009000 00006000[0m
[0;32mI (78) boot:  1 phy_init         RF data          01 01 0000f000 00001000[0m
[0;32mI (85) boot:  2 factory          factory app      00 00 00010000 00100000[0m
[0;32mI (93) boot: End of partition table[0m
[0;32mI (97) esp_image: segment 0: paddr=00010020 vaddr=3f400020 size=23ffch (147452) map[0m
[0;32mI (156) esp_image: segment 1: paddr=00034024 vaddr=3ffb0000 size=03ee0h ( 16096) load[0m
[0;32mI (162) esp_image: segment 2: paddr=00037f0c vaddr=40080000 size=0810ch ( 33036) load[0m
[0;32mI (175) esp_image: segment 3: paddr=00040020 vaddr=400d0020 size=938ach (604332) map[0m
[0;32mI (383) esp_image: segment 4: paddr=000d38d4 vaddr=4008810c size=0f32ch ( 62252) load[0m
[0;32mI (419) boot: Loaded app from partition at offset 0x10000[0m
[0;32mI (419) boot: Disabling RNG early entropy source...[0m
[0;32mI (431) cpu_start: Multicore app[0m
[0;32mI (439) cpu_start: Pro cpu start user code[0m
[0;32mI (439) cpu_start: cpu freq: 160000000 Hz[0m
[0;32mI (440) app_init: Application information:[0m
[0;32mI (442) app_init: Project name:     HealthST[0m
[0;32mI (447) app_init: App version:      1[0m
[0;32mI (452) app_init: Compile time:     Oct 11 2024 12:54:41[0m
[0;32mI (458) app_init: ELF file SHA256:  559c99400...[0m
[0;32mI (463) app_init: ESP-IDF:          v5.3.1-dirty[0m
[0;32mI (468) efuse_init: Min chip rev:     v0.0[0m
[0;32mI (473) efuse_init: Max chip rev:     v3.99 [0m
[0;32mI (478) efuse_init: Chip rev:         v1.1[0m
[0;32mI (483) heap_init: Initializing. RAM available for dynamic allocation:[0m
[0;32mI (490) heap_init: At 3FFAE6E0 len 00001920 (6 KiB): DRAM[0m
[0;32mI (496) heap_init: At 3FFB8460 len 00027BA0 (158 KiB): DRAM[0m
[0;32mI (502) heap_init: At 3FFE0440 len 00003AE0 (14 KiB): D/IRAM[0m
[0;32mI (509) heap_init: At 3FFE4350 len 0001BCB0 (111 KiB): D/IRAM[0m
[0;32mI (515) heap_init: At 40097438 len 00008BC8 (34 KiB): IRAM[0m
[0;32mI (523) spi_flash: detected chip: gd[0m
[0;32mI (525) spi_flash: flash io: dio[0m
[0;33mW (529) spi_flash: Detected size(4096k) larger than the size in the binary image header(2048k). Using the size in the binary image header.[0m
[0;32mI (544) main_task: Started on CPU0[0m
[0;32mI (554) main_task: Calling app_main()[0m
I (584) wifi:wifi driver task: 3ffbeea8, prio:23, stack:6656, core=0
I (594) wifi:wifi firmware version: ccaebfa
I (594) wifi:wifi certification version: v7.0
I (594) wifi:config NVS flash: enabled
I (594) wifi:config nano formating: disabled
I (594) wifi:Init data frame dynamic rx buffer num: 32
I (604) wifi:Init static rx mgmt buffer num: 5
I (604) wifi:Init management short buffer num: 32
I (614) wifi:Init dynamic tx buffer num: 32
I (614) wifi:Init static rx buffer size: 1600
I (624) wifi:Init static rx buffer num: 10
I (624) wifi:Init dynamic rx buffer num: 32
[0;32mI (624) wifi_init: rx ba win: 6[0m
[0;32mI (634) wifi_init: accept mbox: 6[0m
[0;32mI (634) wifi_init: tcpip mbox: 32[0m
[0;32mI (644) wifi_init: udp mbox: 6[0m
[0;32mI (644) wifi_init: tcp mbox: 6[0m
[0;32mI (644) wifi_init: tcp tx win: 5760[0m
[0;32mI (654) wifi_init: tcp rx win: 5760[0m
[0;32mI (654) wifi_init: tcp mss: 1440[0m
[0;32mI (654) wifi_init: WiFi IRAM OP enabled[0m
[0;32mI (664) wifi_init: WiFi RX IRAM OP enabled[0m
W (664) wifi:Password length matches WPA2 standards, authmode threshold changes from OPEN to WPA2
[0;32mI (674) phy_init: phy_version 4830,54550f7,Jun 20 2024,14:22:08[0m
[0;33mW (754) phy_init: saving new calibration data because of checksum failure, mode(0)[0m
I (814) wifi:mode : sta (e8:6b:ea:09:d5:24)
I (814) wifi:enable tsf
[0;32mI (814) wifi_init: Connecting to Wi-Fi...[0m
I (824) wifi:new:<6,2>, old:<1,0>, ap:<255,255>, sta:<6,2>, prof:1, snd_ch_cfg:0x0
I (824) wifi:state: init -> auth (0xb0)
I (844) wifi:state: auth -> assoc (0x0)
I (864) wifi:state: assoc -> run (0x10)
I (874) wifi:connected with Viá»‡t Anh, aid = 3, channel 6, 40D, bssid = 04:95:e6:6a:e9:30
I (874) wifi:security: WPA2-PSK, phy: bgn, rssi: -30
I (884) wifi:pm start, type: 1

I (884) wifi:dp: 1, bi: 102400, li: 3, scale listen interval from 307200 us to 307200 us
I (944) wifi:AP's beacon interval = 102400 us, DTIM period = 1

assert failed: tcpip_send_msg_wait_sem /IDF/components/lwip/lwip/src/api/tcpip.c:449 (Invalid mbox)


Backtrace: 0x40081a3e:0x3ffc75e0 0x400894c1:0x3ffc7600 0x40091229:0x3ffc7620 0x40128e4a:0x3ffc7740 0x4013568d:0x3ffc7770 0x40126e3d:0x3ffc77b0 0x400e2001:0x3ffc7800 0x400e230a:0x3ffc7860 0x400e25af:0x3ffc78d0 0x400e289c:0x3ffc7910 0x400e3a4a:0x3ffc7940 0x4015b011:0x3ffc7970 0x400d9026:0x3ffc7990 0x40089f9d:0x3ffc79c0




ELF file SHA256: 559c99400

Rebooting...
ets Jun  8 2016 00:22:57

rst:0xc (SW_CPU_RESET),boot:0x13 (SPI_FAST_FLASH_BOOT)
configsip: 188777542, SPIWP:0xee
clk_drv:0x00,q_drv:0x00,d_drv:0x00,cs0_drv:0x00,hd_drv:0x00,wp_drv:0x00
mode:DIO, clock div:2
load:0x3fff0030,len:7176
load:0x40078000,len:15564
ho 0 tail 12 room 4
load:0x40080400,len:4
load:0x40080404,len:3904
entry 0x40080640
[0;32mI (31) boot: ESP-IDF v5.3.1-dirty 2nd stage bootloader[0m
[0;32mI (31) boot: compile time Oct 10 2024 14:47:00[0m
[0;32mI (31) boot: Multicore bootloader[0m
[0;32mI (36) boot: chip revision: v1.1[0m
[0;32mI (40) boot.esp32: SPI Speed      : 40MHz[0m
[0;32mI (45) boot.esp32: SPI Mode       : DIO[0m
[0;32mI (49) boot.esp32: SPI Flash Size : 2MB[0m
[0;32mI (54) boot: Enabling RNG early entropy source...[0m
[0;32mI (59) boot: Partition Table:[0m
[0;32mI (63) boot: ## Label            Usage          Type ST Offset   Length[0m
[0;32mI (70) boot:  0 nvs              WiFi data        01 02 00009000 00006000[0m
[0;32mI (78) boot:  1 phy_init         RF data          01 01 0000f000 00001000[0m
[0;32mI (85) boot:  2 factory          factory app      00 00 00010000 00100000[0m
[0;32mI (93) boot: End of partition table[0m
[0;32mI (97) esp_image: segment 0: paddr=00010020 vaddr=3f400020 size=23ffch (147452) map[0m
[0;32mI (156) esp_image: segment 1: paddr=00034024 vaddr=3ffb0000 size=03ee0h ( 16096) load[0m
[0;32mI (162) esp_image: segment 2: paddr=00037f0c vaddr=40080000 size=0810ch ( 33036) load[0m
[0;32mI (175) esp_image: segment 3: paddr=00040020 vaddr=400d0020 size=938ach (604332) map[0m
[0;32mI (383) esp_image: segment 4: paddr=000d38d4 vaddr=4008810c size=0f32ch ( 62252) load[0m
[0;32mI (419) boot: Loaded app from partition at offset 0x10000[0m
[0;32mI (419) boot: Disabling RNG early entropy source...[0m
[0;32mI (431) cpu_start: Multicore app[0m
[0;32mI (439) cpu_start: Pro cpu start user code[0m
[0;32mI (439) cpu_start: cpu freq: 160000000 Hz[0m
[0;32mI (440) app_init: Application information:[0m
[0;32mI (442) app_init: Project name:     HealthST[0m
[0;32mI (447) app_init: App version:      1[0m
[0;32mI (452) app_init: Compile time:     Oct 11 2024 12:54:41[0m
[0;32mI (458) app_init: ELF file SHA256:  559c99400...[0m
[0;32mI (463) app_init: ESP-IDF:          v5.3.1-dirty[0m
[0;32mI (468) efuse_init: Min chip rev:     v0.0[0m
[0;32mI (473) efuse_init: Max chip rev:     v3.99 [0m
[0;32mI (478) efuse_init: Chip rev:         v1.1[0m
[0;32mI (483) heap_init: Initializing. RAM available for dynamic allocation:[0m
[0;32mI (490) heap_init: At 3FFAE6E0 len 00001920 (6 KiB): DRAM[0m
[0;32mI (496) heap_init: At 3FFB8460 len 00027BA0 (158 KiB): DRAM[0m
[0;32mI (502) heap_init: At 3FFE0440 len 00003AE0 (14 KiB): D/IRAM[0m
[0;32mI (509) heap_init: At 3FFE4350 len 0001BCB0 (111 KiB): D/IRAM[0m
[0;32mI (515) heap_init: At 40097438 len 00008BC8 (34 KiB): IRAM[0m
[0;32mI (523) spi_flash: detected chip: gd[0m
[0;32mI (525) spi_flash: flash io: dio[0m
[0;33mW (529) spi_flash: Detected size(4096k) larger than the size in the binary image header(2048k). Using the size in the binary image header.[0m
[0;32mI (544) main_task: Started on CPU0[0m
[0;32mI (554) main_task: Calling app_main()[0m
I (584) wifi:wifi driver task: 3ffbef2c, prio:23, stack:6656, core=0
I (594) wifi:wifi firmware version: ccaebfa
I (594) wifi:wifi certification version: v7.0
I (594) wifi:config NVS flash: enabled
I (594) wifi:config nano formating: disabled
I (594) wifi:Init data frame dynamic rx buffer num: 32
I (604) wifi:Init static rx mgmt buffer num: 5
I (604) wifi:Init management short buffer num: 32
I (614) wifi:Init dynamic tx buffer num: 32
I (614) wifi:Init static rx buffer size: 1600
I (624) wifi:Init static rx buffer num: 10
I (624) wifi:Init dynamic rx buffer num: 32
[0;32mI (624) wifi_init: rx ba win: 6[0m
[0;32mI (634) wifi_init: accept mbox: 6[0m
[0;32mI (634) wifi_init: tcpip mbox: 32[0m
[0;32mI (644) wifi_init: udp mbox: 6[0m
[0;32mI (644) wifi_init: tcp mbox: 6[0m
[0;32mI (644) wifi_init: tcp tx win: 5760[0m
[0;32mI (654) wifi_init: tcp rx win: 5760[0m
[0;32mI (654) wifi_init: tcp mss: 1440[0m
[0;32mI (654) wifi_init: WiFi IRAM OP enabled[0m
[0;32mI (664) wifi_init: WiFi RX IRAM OP enabled[0m
W (664) wifi:Password length matches WPA2 standards, authmode threshold changes from OPEN to WPA2
[0;32mI (674) phy_init: phy_version 4830,54550f7,Jun 20 2024,14:22:08[0m
I (754) wifi:mode : sta (e8:6b:ea:09:d5:24)
I (754) wifi:enable tsf
[0;32mI (764) wifi_init: Connecting to Wi-Fi...[0m
I (764) wifi:new:<6,2>, old:<1,0>, ap:<255,255>, sta:<6,2>, prof:1, snd_ch_cfg:0x0
I (774) wifi:state: init -> auth (0xb0)
I (784) wifi:state: auth -> assoc (0x0)
I (814) wifi:state: assoc -> run (0x10)
I (834) wifi:connected with Viá»‡t Anh, aid = 3, channel 6, 40D, bssid = 04:95:e6:6a:e9:30
I (834) wifi:security: WPA2-PSK, phy: bgn, rssi: -32
I (834) wifi:pm start, type: 1

I (834) wifi:dp: 1, bi: 102400, li: 3, scale listen interval from 307200 us to 307200 us
I (924) wifi:AP's beacon interval = 102400 us, DTIM period = 1

assert failed: tcpip_send_msg_wait_sem /IDF/components/lwip/lwip/src/api/tcpip.c:449 (Invalid mbox)


Backtrace: 0x40081a3e:0x3ffc75d0 0x400894c1:0x3ffc75f0 0x40091229:0x3ffc7610 0x40128e4a:0x3ffc7730 0x4013568d:0x3ffc7760 0x40126e3d:0x3ffc77a0 0x400e2001:0x3ffc77f0 0x400e230a:0x3ffc7850 0x400e25af:0x3ffc78c0 0x400e289c:0x3ffc7900 0x400e3a4a:0x3ffc7930 0x4015b011:0x3ffc7960 0x400d9026:0x3ffc7980 0x40089f9d:0x3ffc79b0




ELF file SHA256: 559c99400

Rebooting...
ets Jun  8 2016 00:22:57

rst:0xc (SW_CPU_RESET),boot:0x13 (SPI_FAST_FLASH_BOOT)
configsip: 188777542, SPIWP:0xee
clk_drv:0x00,q_drv:0x00,d_drv:0x00,cs0_drv:0x00,hd_drv:0x00,wp_drv:0x00
mode:DIO, clock div:2
load:0x3fff0030,len:7176
load:0x40078000,len:15564
ho 0 tail 12 room 4
load:0x40080400,len:4
load:0x40080404,len:3904
entry 0x40080640
[0;32mI (31) boot: ESP-IDF v5.3.1-dirty 2nd stage bootloader[0m
[0;32mI (31) boot: compile time Oct 10 2024 14:47:00[0m
[0;32mI (31) boot: Multicore bootloader[0m
[0;32mI (36) boot: chip revision: v1.1[0m
[0;32mI (40) boot.esp32: SPI Speed      : 40MHz[0m
[0;32mI (45) boot.esp32: SPI Mode       : DIO[0m
[0;32mI (49) boot.esp32: SPI Flash Size : 2MB[0m
[0;32mI (54) boot: Enabling RNG early entropy source...[0m
[0;32mI (59) boot: Partition Table:[0m
[0;32mI (63) boot: ## Label            Usage          Type ST Offset   Length[0m
[0;32mI (70) boot:  0 nvs              WiFi data        01 02 00009000 00006000[0m
[0;32mI (78) boot:  1 phy_init         RF data          01 01 0000f000 00001000[0m
[0;32mI (85) boot:  2 factory          factory app      00 00 00010000 00100000[0m
[0;32mI (93) boot: End of partition table[0m
[0;32mI (97) esp_image: segment 0: paddr=00010020 vaddr=3f400020 size=23ffch (147452) map[0m
[0;32mI (156) esp_image: segment 1: paddr=00034024 vaddr=3ffb0000 size=03ee0h ( 16096) load[0m
[0;32mI (162) esp_image: segment 2: paddr=00037f0c vaddr=40080000 size=0810ch ( 33036) load[0m
[0;32mI (175) esp_image: segment 3: paddr=00040020 vaddr=400d0020 size=938ach (604332) map[0m
[0;32mI (383) esp_image: segment 4: paddr=000d38d4 vaddr=4008810c size=0f32ch ( 62252) load[0m
[0;32mI (419) boot: Loaded app from partition at offset 0x10000[0m
[0;32mI (419) boot: Disabling RNG early entropy source...[0m
[0;32mI (431) cpu_start: Multicore app[0m
[0;32mI (439) cpu_start: Pro cpu start user code[0m
[0;32mI (439) cpu_start: cpu freq: 160000000 Hz[0m
[0;32mI (440) app_init: Application information:[0m
[0;32mI (442) app_init: Project name:     HealthST[0m
[0;32mI (447) app_init: App version:      1[0m
[0;32mI (452) app_init: Compile time:     Oct 11 2024 12:54:41[0m
[0;32mI (458) app_init: ELF file SHA256:  559c99400...[0m
[0;32mI (463) app_init: ESP-IDF:          v5.3.1-dirty[0m
[0;32mI (468) efuse_init: Min chip rev:     v0.0[0m
[0;32mI (473) efuse_init: Max chip rev:     v3.99 [0m
[0;32mI (478) efuse_init: Chip rev:         v1.1[0m
[0;32mI (483) heap_init: Initializing. RAM available for dynamic allocation:[0m
[0;32mI (490) heap_init: At 3FFAE6E0 len 00001920 (6 KiB): DRAM[0m
[0;32mI (496) heap_init: At 3FFB8460 len 00027BA0 (158 KiB): DRAM[0m
[0;32mI (502) heap_init: At 3FFE0440 len 00003AE0 (14 KiB): D/IRAM[0m
[0;32mI (509) heap_init: At 3FFE4350 len 0001BCB0 (111 KiB): D/IRAM[0m
[0;32mI (515) heap_init: At 40097438 len 00008BC8 (34 KiB): IRAM[0m
[0;32mI (523) spi_flash: detected chip: gd[0m
[0;32mI (525) spi_flash: flash io: dio[0m
[0;33mW (529) spi_flash: Detected size(4096k) larger than the size in the binary image header(2048k). Using the size in the binary image header.[0m
[0;32mI (544) main_task: Started on CPU0[0m
[0;32mI (554) main_task: Calling app_main()[0m
I (584) wifi:wifi driver task: 3ffbef2c, prio:23, stack:6656, core=0
I (594) wifi:wifi firmware version: ccaebfa
I (594) wifi:wifi certification version: v7.0
I (594) wifi:config NVS flash: enabled
I (594) wifi:config nano formating: disabled
I (594) wifi:Init data frame dynamic rx buffer num: 32
I (604) wifi:Init static rx mgmt buffer num: 5
I (604) wifi:Init management short buffer num: 32
I (614) wifi:Init dynamic tx buffer num: 32
I (614) wifi:Init static rx buffer size: 1600
I (624) wifi:Init static rx buffer num: 10
I (624) wifi:Init dynamic rx buffer num: 32
[0;32mI (624) wifi_init: rx ba win: 6[0m
[0;32mI (634) wifi_init: accept mbox: 6[0m
[0;32mI (634) wifi_init: tcpip mbox: 32[0m
[0;32mI (644) wifi_init: udp mbox: 6[0m
[0;32mI (644) wifi_init: tcp mbox: 6[0m
[0;32mI (644) wifi_init: tcp tx win: 5760[0m
[0;32mI (654) wifi_init: tcp rx win: 5760[0m
[0;32mI (654) wifi_init: tcp mss: 1440[0m
[0;32mI (654) wifi_init: WiFi IRAM OP enabled[0m
[0;32mI (664) wifi_init: WiFi RX IRAM OP enabled[0m
W (664) wifi:Password length matches WPA2 standards, authmode threshold changes from OPEN to WPA2
[0;32mI (674) phy_init: phy_version 4830,54550f7,Jun 20 2024,14:22:08[0m
I (754) wifi:mode : sta (e8:6b:ea:09:d5:24)
I (754) wifi:enable tsf
[0;32mI (764) wifi_init: Connecting to Wi-Fi...[0m
I (774) wifi:new:<6,2>, old:<1,0>, ap:<255,255>, sta:<6,2>, prof:1, snd_ch_cfg:0x0
I (774) wifi:state: init -> auth (0xb0)
I (794) wifi:state: auth -> assoc (0x0)
I (814) wifi:state: assoc -> run (0x10)
I (834) wifi:connected with Viá»‡t Anh, aid = 3, channel 6, 40D, bssid = 04:95:e6:6a:e9:30
I (834) wifi:security: WPA2-PSK, phy: bgn, rssi: -31
I (834) wifi:pm start, type: 1

I (834) wifi:dp: 1, bi: 102400, li: 3, scale listen interval from 307200 us to 307200 us
I (844) wifi:AP's beacon interval = 102400 us, DTIM period = 1

assert failed: tcpip_send_msg_wait_sem /IDF/components/lwip/lwip/src/api/tcpip.c:449 (Invalid mbox)


Backtrace: 0x40081a3e:0x3ffc75d0 0x400894c1:0x3ffc75f0 0x40091229:0x3ffc7610 0x40128e4a:0x3ffc7730 0x4013568d:0x3ffc7760 0x40126e3d:0x3ffc77a0 0x400e2001:0x3ffc77f0 0x400e230a:0x3ffc7850 0x400e25af:0x3ffc78c0 0x400e289c:0x3ffc7900 0x400e3a4a:0x3ffc7930 0x4015b011:0x3ffc7960 0x400d9026:0x3ffc7980 0x40089f9d:0x3ffc79b0




ELF file SHA256: 559c99400

Rebooting...
ets Jun  8 2016 00:22:57

rst:0xc (SW_CPU_RESET),boot:0x13 (SPI_FAST_FLASH_BOOT)
configsip: 188777542, SPIWP:0xee
clk_drv:0x00,q_drv:0x00,d_drv:0x00,cs0_drv:0x00,hd_drv:0x00,wp_drv:0x00
mode:DIO, clock div:2
load:0x3fff0030,len:7176
load:0x40078000,len:15564
ho 0 tail 12 room 4
load:0x40080400,len:4
load:0x40080404,len:3904
entry 0x40080640
[0;32mI (31) boot: ESP-IDF v5.3.1-dirty 2nd stage bootloader[0m
[0;32mI (31) boot: compile time Oct 10 2024 14:47:00[0m
[0;32mI (31) boot: Multicore bootloader[0m
[0;32mI (36) boot: chip revision: v1.1[0m
[0;32mI (40) boot.esp32: SPI Speed      : 40MHz[0m
[0;32mI (45) boot.esp32: SPI Mode       : DIO[0m
[0;32mI (49) boot.esp32: SPI Flash Size : 2MB[0m
[0;32mI (54) boot: Enabling RNG early entropy source...[0m
[0;32mI (59) boot: Partition Table:[0m
[0;32mI (63) boot: ## Label            Usage          Type ST Offset   Length[0m
[0;32mI (70) boot:  0 nvs              WiFi data        01 02 00009000 00006000[0m
[0;32mI (78) boot:  1 phy_init         RF data          01 01 0000f000 00001000[0m
[0;32mI (85) boot:  2 factory          factory app      00 00 00010000 00100000[0m
[0;32mI (93) boot: End of partition table[0m
[0;32mI (97) esp_image: segment 0: paddr=00010020 vaddr=3f400020 size=23ffch (147452) map[0m
[0;32mI (156) esp_image: segment 1: paddr=00034024 vaddr=3ffb0000 size=03ee0h ( 16096) load[0m
[0;32mI (162) esp_image: segment 2: paddr=00037f0c vaddr=40080000 size=0810ch ( 33036) load[0m
[0;32mI (175) esp_image: segment 3: paddr=00040020 vaddr=400d0020 size=938ach (604332) map[0m
[0;32mI (383) esp_image: segment 4: paddr=000d38d4 vaddr=4008810c size=0f32ch ( 62252) load[0m
[0;32mI (419) boot: Loaded app from partition at offset 0x10000[0m
[0;32mI (419) boot: Disabling RNG early entropy source...[0m
[0;32mI (431) cpu_start: Multicore app[0m
[0;32mI (439) cpu_start: Pro cpu start user code[0m
[0;32mI (439) cpu_start: cpu freq: 160000000 Hz[0m
[0;32mI (440) app_init: Application information:[0m
[0;32mI (442) app_init: Project name:     HealthST[0m
[0;32mI (447) app_init: App version:      1[0m
[0;32mI (452) app_init: Compile time:     Oct 11 2024 12:54:41[0m
[0;32mI (458) app_init: ELF file SHA256:  559c99400...[0m
[0;32mI (463) app_init: ESP-IDF:          v5.3.1-dirty[0m
[0;32mI (468) efuse_init: Min chip rev:     v0.0[0m
[0;32mI (473) efuse_init: Max chip rev:     v3.99 [0m
[0;32mI (478) efuse_init: Chip rev:         v1.1[0m
[0;32mI (483) heap_init: Initializing. RAM available for dynamic allocation:[0m
[0;32mI (490) heap_init: At 3FFAE6E0 len 00001920 (6 KiB): DRAM[0m
[0;32mI (496) heap_init: At 3FFB8460 len 00027BA0 (158 KiB): DRAM[0m
[0;32mI (502) heap_init: At 3FFE0440 len 00003AE0 (14 KiB): D/IRAM[0m
[0;32mI (509) heap_init: At 3FFE4350 len 0001BCB0 (111 KiB): D/IRAM[0m
[0;32mI (515) heap_init: At 40097438 len 00008BC8 (34 KiB): IRAM[0m
[0;32mI (523) spi_flash: detected chip: gd[0m
[0;32mI (525) spi_flash: flash io: dio[0m
[0;33mW (529) spi_flash: Detected size(4096k) larger than the size in the binary image header(2048k). Using the size in the binary image header.[0m
[0;32mI (544) main_task: Started on CPU0[0m
[0;32mI (554) main_task: Calling app_main()[0m
I (584) wifi:wifi driver task: 3ffbef2c, prio:23, stack:6656, core=0
I (594) wifi:wifi firmware version: ccaebfa
I (594) wifi:wifi certification version: v7.0
I (594) wifi:config NVS flash: enabled
I (594) wifi:config nano formating: disabled
I (594) wifi:Init data frame dynamic rx buffer num: 32
I (604) wifi:Init static rx mgmt buffer num: 5
I (604) wifi:Init management short buffer num: 32
I (614) wifi:Init dynamic tx buffer num: 32
I (614) wifi:Init static rx buffer size: 1600
I (624) wifi:Init static rx buffer num: 10
I (624) wifi:Init dynamic rx buffer num: 32
[0;32mI (624) wifi_init: rx ba win: 6[0m
[0;32mI (634) wifi_init: accept mbox: 6[0m
[0;32mI (634) wifi_init: tcpip mbox: 32[0m
[0;32mI (644) wifi_init: udp mbox: 6[0m
[0;32mI (644) wifi_init: tcp mbox: 6[0m
[0;32mI (644) wifi_init: tcp tx win: 5760[0m
[0;32mI (654) wifi_init: tcp rx win: 5760[0m
[0;32mI (654) wifi_init: tcp mss: 1440[0m
[0;32mI (654) wifi_init: WiFi IRAM OP enabled[0m
[0;32mI (664) wifi_init: WiFi RX IRAM OP enabled[0m
W (664) wifi:Password length matches WPA2 standards, authmode threshold changes from OPEN to WPA2
[0;32mI (674) phy_init: phy_version 4830,54550f7,Jun 20 2024,14:22:08[0m
I (754) wifi:mode : sta (e8:6b:ea:09:d5:24)
I (754) wifi:enable tsf
[0;32mI (764) wifi_init: Connecting to Wi-Fi...[0m
I (774) wifi:new:<6,2>, old:<1,0>, ap:<255,255>, sta:<6,2>, prof:1, snd_ch_cfg:0x0
I (774) wifi:state: init -> auth (0xb0)
I (794) wifi:state: auth -> assoc (0x0)
I (814) wifi:state: assoc -> run (0x10)
I (824) wifi:connected with Viá»‡t Anh, aid = 3, channel 6, 40D, bssid = 04:95:e6:6a:e9:30
I (824) wifi:security: WPA2-PSK, phy: bgn, rssi: -31
I (834) wifi:pm start, type: 1

I (834) wifi:dp: 1, bi: 102400, li: 3, scale listen interval from 307200 us to 307200 us
I (874) wifi:AP's beacon interval = 102400 us, DTIM period = 1

assert failed: tcpip_send_msg_wait_sem /IDF/components/lwip/lwip/src/api/tcpip.c:449 (Invalid mbox)


Backtrace: 0x40081a3e:0x3ffc75d0 0x400894c1:0x3ffc75f0 0x40091229:0x3ffc7610 0x40128e4a:0x3ffc7730 0x4013568d:0x3ffc7760 0x40126e3d:0x3ffc77a0 0x400e2001:0x3ffc77f0 0x400e230a:0x3ffc7850 0x400e25af:0x3ffc78c0 0x400e289c:0x3ffc7900 0x400e3a4a:0x3ffc7930 0x4015b011:0x3ffc7960 0x400d9026:0x3ffc7980 0x40089f9d:0x3ffc79b0




ELF file SHA256: 559c99400

Rebooting...
ets Jun  8 2016 00:22:57

rst:0xc (SW_CPU_RESET),boot:0x13 (SPI_FAST_FLASH_BOOT)
configsip: 188777542, SPIWP:0xee
clk_drv:0x00,q_drv:0x00,d_drv:0x00,cs0_drv:0x00,hd_drv:0x00,wp_drv:0x00
mode:DIO, clock div:2
load:0x3fff0030,len:7176
load:0x40078000,len:15564
ho 0 tail 12 room 4
load:0x40080400,len:4
load:0x40080404,len:3904
entry 0x40080640
[0;32mI (31) boot: ESP-IDF v5.3.1-dirty 2nd stage bootloader[0m
[0;32mI (31) boot: compile time Oct 10 2024 14:47:00[0m
[0;32mI (31) boot: Multicore bootloader[0m
[0;32mI (36) boot: chip revision: v1.1[0m
[0;32mI (40) boot.esp32: SPI Speed      : 40MHz[0m
[0;32mI (45) boot.esp32: SPI Mode       : DIO[0m
[0;32mI (49) boot.esp32: SPI Flash Size : 2MB[0m
[0;32mI (54) boot: Enabling RNG early entropy source...[0m
[0;32mI (59) boot: Partition Table:[0m
[0;32mI (63) boot: ## Label            Usage          Type ST Offset   Length[0m
[0;32mI (70) boot:  0 nvs              WiFi data        01 02 00009000 00006000[0m
[0;32mI (78) boot:  1 phy_init         RF data          01 01 0000f000 00001000[0m
[0;32mI (85) boot:  2 factory          factory app      00 00 00010000 00100000[0m
[0;32mI (93) boot: End of partition table[0m
[0;32mI (97) esp_image: segment 0: paddr=00010020 vaddr=3f400020 size=23ffch (147452) map[0m
[0;32mI (156) esp_image: segment 1: paddr=00034024 vaddr=3ffb0000 size=03ee0h ( 16096) load[0m
[0;32mI (162) esp_image: segment 2: paddr=00037f0c vaddr=40080000 size=0810ch ( 33036) load[0m
[0;32mI (175) esp_image: segment 3: paddr=00040020 vaddr=400d0020 size=938ach (604332) map[0m
[0;32mI (383) esp_image: segment 4: paddr=000d38d4 vaddr=4008810c size=0f32ch ( 62252) load[0m
[0;32mI (419) boot: Loaded app from partition at offset 0x10000[0m
[0;32mI (419) boot: Disabling RNG early entropy source...[0m
[0;32mI (431) cpu_start: Multicore app[0m
[0;32mI (439) cpu_start: Pro cpu start user code[0m
[0;32mI (439) cpu_start: cpu freq: 160000000 Hz[0m
[0;32mI (440) app_init: Application information:[0m
[0;32mI (442) app_init: Project name:     HealthST[0m
[0;32mI (447) app_init: App version:      1[0m
[0;32mI (452) app_init: Compile time:     Oct 11 2024 12:54:41[0m
[0;32mI (458) app_init: ELF file SHA256:  559c99400...[0m
[0;32mI (463) app_init: ESP-IDF:          v5.3.1-dirty[0m
[0;32mI (468) efuse_init: Min chip rev:     v0.0[0m
[0;32mI (473) efuse_init: Max chip rev:     v3.99 [0m
[0;32mI (478) efuse_init: Chip rev:         v1.1[0m
[0;32mI (483) heap_init: Initializing. RAM available for dynamic allocation:[0m
[0;32mI (490) heap_init: At 3FFAE6E0 len 00001920 (6 KiB): DRAM[0m
[0;32mI (496) heap_init: At 3FFB8460 len 00027BA0 (158 KiB): DRAM[0m
[0;32mI (502) heap_init: At 3FFE0440 len 00003AE0 (14 KiB): D/IRAM[0m
[0;32mI (509) heap_init: At 3FFE4350 len 0001BCB0 (111 KiB): D/IRAM[0m
[0;32mI (515) heap_init: At 40097438 len 00008BC8 (34 KiB): IRAM[0m
[0;32mI (523) spi_flash: detected chip: gd[0m
[0;32mI (525) spi_flash: flash io: dio[0m
[0;33mW (529) spi_flash: Detected size(4096k) larger than the size in the binary image header(2048k). Using the size in the binary image header.[0m
[0;32mI (544) main_task: Started on CPU0[0m
[0;32mI (554) main_task: Calling app_main()[0m
I (584) wifi:wifi driver task: 3ffbef2c, prio:23, stack:6656, core=0
I (594) wifi:wifi firmware version: ccaebfa
I (594) wifi:wifi certification version: v7.0
I (594) wifi:config NVS flash: enabled
I (594) wifi:config nano formating: disabled
I (594) wifi:Init data frame dynamic rx buffer num: 32
I (604) wifi:Init static rx mgmt buffer num: 5
I (604) wifi:Init management short buffer num: 32
I (614) wifi:Init dynamic tx buffer num: 32
I (614) wifi:Init static rx buffer size: 1600
I (624) wifi:Init static rx buffer num: 10
I (624) wifi:Init dynamic rx buffer num: 32
[0;32mI (624) wifi_init: rx ba win: 6[0m
[0;32mI (634) wifi_init: accept mbox: 6[0m
[0;32mI (634) wifi_init: tcpip mbox: 32[0m
[0;32mI (644) wifi_init: udp mbox: 6[0m
[0;32mI (644) wifi_init: tcp mbox: 6[0m
[0;32mI (644) wifi_init: tcp tx win: 5760[0m
[0;32mI (654) wifi_init: tcp rx win: 5760[0m
[0;32mI (654) wifi_init: tcp mss: 1440[0m
[0;32mI (654) wifi_init: WiFi IRAM OP enabled[0m
[0;32mI (664) wifi_init: WiFi RX IRAM OP enabled[0m
W (664) wifi:Password length matches WPA2 standards, authmode threshold changes from OPEN to WPA2
[0;32mI (674) phy_init: phy_version 4830,54550f7,Jun 20 2024,14:22:08[0m
I (754) wifi:mode : sta (e8:6b:ea:09:d5:24)
I (754) wifi:enable tsf
[0;32mI (764) wifi_init: Connecting to Wi-Fi...[0m
I (764) wifi:new:<6,2>, old:<1,0>, ap:<255,255>, sta:<6,2>, prof:1, snd_ch_cfg:0x0
I (774) wifi:state: init -> auth (0xb0)
I (784) wifi:state: auth -> assoc (0x0)
I (804) wifi:state: assoc -> run (0x10)
I (814) wifi:connected with Viá»‡t Anh, aid = 3, channel 6, 40D, bssid = 04:95:e6:6a:e9:30
I (814) wifi:security: WPA2-PSK, phy: bgn, rssi: -31
I (824) wifi:pm start, type: 1

I (824) wifi:dp: 1, bi: 102400, li: 3, scale listen interval from 307200 us to 307200 us
I (894) wifi:AP's beacon interval = 102400 us, DTIM period = 1

assert failed: tcpip_send_msg_wait_sem /IDF/components/lwip/lwip/src/api/tcpip.c:449 (Invalid mbox)


Backtrace: 0x40081a3e:0x3ffc75d0 0x400894c1:0x3ffc75f0 0x40091229:0x3ffc7610 0x40128e4a:0x3ffc7730 0x4013568d:0x3ffc7760 0x40126e3d:0x3ffc77a0 0x400e2001:0x3ffc77f0 0x400e230a:0x3ffc7850 0x400e25af:0x3ffc78c0 0x400e289c:0x3ffc7900 0x400e3a4a:0x3ffc7930 0x4015b011:0x3ffc7960 0x400d9026:0x3ffc7980 0x40089f9d:0x3ffc79b0




ELF file SHA256: 559c99400

Rebooting...
ets Jun  8 2016 00:22:57

rst:0xc (SW_CPU_RESET),boot:0x13 (SPI_FAST_FLASH_BOOT)
configsip: 188777542, SPIWP:0xee
clk_drv:0x00,q_drv:0x00,d_drv:0x00,cs0_drv:0x00,hd_drv:0x00,wp_drv:0x00
mode:DIO, clock div:2
load:0x3fff0030,len:7176
load:0x40078000,len:15564
ho 0 tail 12 room 4
load:0x40080400,len:4
load:0x40080404,len:3904
entry 0x40080640
[0;32mI (31) boot: ESP-IDF v5.3.1-dirty 2nd stage bootloader[0m
[0;32mI (31) boot: compile time Oct 10 2024 14:47:00[0m
[0;32mI (31) boot: Multicore bootloader[0m
[0;32mI (36) boot: chip revision: v1.1[0m
[0;32mI (40) boot.esp32: SPI Speed      : 40MHz[0m
[0;32mI (45) boot.esp32: SPI Mode       : DIO[0m
[0;32mI (49) boot.esp32: SPI Flash Size : 2MB[0m
[0;32mI (54) boot: Enabling RNG early entropy source...[0m
[0;32mI (59) boot: Partition Table:[0m
[0;32mI (63) boot: ## Label            Usage          Type ST Offset   Length[0m
[0;32mI (70) boot:  0 nvs              WiFi data        01 02 00009000 00006000[0m
[0;32mI (78) boot:  1 phy_init         RF data          01 01 0000f000 00001000[0m
[0;32mI (85) boot:  2 factory          factory app      00 00 00010000 00100000[0m
[0;32mI (93) boot: End of partition table[0m
[0;32mI (97) esp_image: segment 0: paddr=00010020 vaddr=3f400020 size=23ffch (147452) map[0m
[0;32mI (156) esp_image: segment 1: paddr=00034024 vaddr=3ffb0000 size=03ee0h ( 16096) load[0m
[0;32mI (162) esp_image: segment 2: paddr=00037f0c vaddr=40080000 size=0810ch ( 33036) load[0m
[0;32mI (175) esp_image: segment 3: paddr=00040020 vaddr=400d0020 size=938ach (604332) map[0m
[0;32mI (383) esp_image: segment 4: paddr=000d38d4 vaddr=4008810c size=0f32ch ( 62252) load[0m
[0;32mI (419) boot: Loaded app from partition at offset 0x10000[0m
[0;32mI (419) boot: Disabling RNG early entropy source...[0m
[0;32mI (431) cpu_start: Multicore app[0m
[0;32mI (439) cpu_start: Pro cpu start user code[0m
[0;32mI (439) cpu_start: cpu freq: 160000000 Hz[0m
[0;32mI (440) app_init: Application information:[0m
[0;32mI (442) app_init: Project name:     HealthST[0m
[0;32mI (447) app_init: App version:      1[0m
[0;32mI (452) app_init: Compile time:     Oct 11 2024 12:54:41[0m
[0;32mI (458) app_init: ELF file SHA256:  559c99400...[0m
[0;32mI (463) app_init: ESP-IDF:          v5.3.1-dirty[0m
[0;32mI (468) efuse_init: Min chip rev:     v0.0[0m
[0;32mI (473) efuse_init: Max chip rev:     v3.99 [0m
[0;32mI (478) efuse_init: Chip rev:         v1.1[0m
[0;32mI (483) heap_init: Initializing. RAM available for dynamic allocation:[0m
[0;32mI (490) heap_init: At 3FFAE6E0 len 00001920 (6 KiB): DRAM[0m
[0;32mI (496) heap_init: At 3FFB8460 len 00027BA0 (158 KiB): DRAM[0m
[0;32mI (502) heap_init: At 3FFE0440 len 00003AE0 (14 KiB): D/IRAM[0m
[0;32mI (509) heap_init: At 3FFE4350 len 0001BCB0 (111 KiB): D/IRAM[0m
[0;32mI (515) heap_init: At 40097438 len 00008BC8 (34 KiB): IRAM[0m
[0;32mI (523) spi_flash: detected chip: gd[0m
[0;32mI (525) spi_flash: flash io: dio[0m
[0;33mW (529) spi_flash: Detected size(4096k) larger than the size in the binary image header(2048k). Using the size in the binary image header.[0m
[0;32mI (544) main_task: Started on CPU0[0m
[0;32mI (554) main_task: Calling app_main()[0m
I (584) wifi:wifi driver task: 3ffbef2c, prio:23, stack:6656, core=0
I (594) wifi:wifi firmware version: ccaebfa
I (594) wifi:wifi certification version: v7.0
I (594) wifi:config NVS flash: enabled
I (594) wifi:config nano formating: disabled
I (594) wifi:Init data frame dynamic rx buffer num: 32
I (604) wifi:Init static rx mgmt buffer num: 5
I (604) wifi:Init management short buffer num: 32
I (614) wifi:Init dynamic tx buffer num: 32
I (614) wifi:Init static rx buffer size: 1600
I (624) wifi:Init static rx buffer num: 10
I (624) wifi:Init dynamic rx buffer num: 32
[0;32mI (624) wifi_init: rx ba win: 6[0m
[0;32mI (634) wifi_init: accept mbox: 6[0m
[0;32mI (634) wifi_init: tcpip mbox: 32[0m
[0;32mI (644) wifi_init: udp mbox: 6[0m
[0;32mI (644) wifi_init: tcp mbox: 6[0m
[0;32mI (644) wifi_init: tcp tx win: 5760[0m
[0;32mI (654) wifi_init: tcp rx win: 5760[0m
[0;32mI (654) wifi_init: tcp mss: 1440[0m
[0;32mI (654) wifi_init: WiFi IRAM OP enabled[0m
[0;32mI (664) wifi_init: WiFi RX IRAM OP enabled[0m
W (664) wifi:Password length matches WPA2 standards, authmode threshold changes from OPEN to WPA2
[0;32mI (674) phy_init: phy_version 4830,54550f7,Jun 20 2024,14:22:08[0m
I (754) wifi:mode : sta (e8:6b:ea:09:d5:24)
I (754) wifi:enable tsf
[0;32mI (764) wifi_init: Connecting to Wi-Fi...[0m
I (764) wifi:new:<6,2>, old:<1,0>, ap:<255,255>, sta:<6,2>, prof:1, snd_ch_cfg:0x0
I (774) wifi:state: init -> auth (0xb0)
I (784) wifi:state: auth -> assoc (0x0)
I (804) wifi:state: assoc -> run (0x10)
I (814) wifi:connected with Viá»‡t Anh, aid = 3, channel 6, 40D, bssid = 04:95:e6:6a:e9:30
I (824) wifi:security: WPA2-PSK, phy: bgn, rssi: -32
I (824) wifi:pm start, type: 1

I (824) wifi:dp: 1, bi: 102400, li: 3, scale listen interval from 307200 us to 307200 us
I (834) wifi:AP's beacon interval = 102400 us, DTIM period = 1
I (5334) wifi:<ba-add>idx:0 (ifx:0, 04:95:e6:6a:e9:30), tid:0, ssn:2, winSize:64

assert failed: tcpip_send_msg_wait_sem /IDF/components/lwip/lwip/src/api/tcpip.c:449 (Invalid mbox)


Backtrace: 0x40081a3e:0x3ffc78c0 0x400894c1:0x3ffc78e0 0x40091229:0x3ffc7900 0x40128e4a:0x3ffc7a20 0x4013568d:0x3ffc7a50 0x40126e3d:0x3ffc7a90 0x400e2001:0x3ffc7ae0 0x400e230a:0x3ffc7b40 0x400e25af:0x3ffc7bb0 0x400e289c:0x3ffc7bf0 0x400e3a4a:0x3ffc7c20 0x4015b011:0x3ffc7c50 0x400d9026:0x3ffc7c70 0x40089f9d:0x3ffc7ca0




ELF file SHA256: 559c99400

Rebooting...
ets Jun  8 2016 00:22:57

rst:0xc (SW_CPU_RESET),boot:0x13 (SPI_FAST_FLASH_BOOT)
configsip: 188777542, SPIWP:0xee
clk_drv:0x00,q_drv:0x00,d_drv:0x00,cs0_drv:0x00,hd_drv:0x00,wp_drv:0x00
mode:DIO, clock div:2
load:0x3fff0030,len:7176
load:0x40078000,len:15564
ho 0 tail 12 room 4
load:0x40080400,len:4
load:0x40080404,len:3904
entry 0x40080640
[0;32mI (31) boot: ESP-IDF v5.3.1-dirty 2nd stage bootloader[0m
[0;32mI (31) boot: compile time Oct 10 2024 14:47:00[0m
[0;32mI (31) boot: Multicore bootloader[0m
[0;32mI (36) boot: chip revision: v1.1[0m
[0;32mI (40) boot.esp32: SPI Speed      : 40MHz[0m
[0;32mI (45) boot.esp32: SPI Mode       : DIO[0m
[0;32mI (49) boot.esp32: SPI Flash Size : 2MB[0m
[0;32mI (54) boot: Enabling RNG early entropy source...[0m
[0;32mI (59) boot: Partition Table:[0m
[0;32mI (63) boot: ## Label            Usage          Type ST Offset   Length[0m
[0;32mI (70) boot:  0 nvs              WiFi data        01 02 00009000 00006000[0m
[0;32mI (78) boot:  1 phy_init         RF data          01 01 0000f000 00001000[0m
[0;32mI (85) boot:  2 factory          factory app      00 00 00010000 00100000[0m
[0;32mI (93) boot: End of partition table[0m
[0;32mI (97) esp_image: segment 0: paddr=00010020 vaddr=3f400020 size=23ffch (147452) map[0m
[0;32mI (156) esp_image: segment 1: paddr=00034024 vaddr=3ffb0000 size=03ee0h ( 16096) load[0m
[0;32mI (162) esp_image: segment 2: paddr=00037f0c vaddr=40080000 size=0810ch ( 33036) load[0m
[0;32mI (175) esp_image: segment 3: paddr=00040020 vaddr=400d0020 size=938ach (604332) map[0m
[0;32mI (383) esp_image: segment 4: paddr=000d38d4 vaddr=4008810c size=0f32ch ( 62252) load[0m
[0;32mI (419) boot: Loaded app from partition at offset 0x10000[0m
[0;32mI (419) boot: Disabling RNG early entropy source...[0m
[0;32mI (431) cpu_start: Multicore app[0m
[0;32mI (439) cpu_start: Pro cpu start user code[0m
[0;32mI (439) cpu_start: cpu freq: 160000000 Hz[0m
[0;32mI (440) app_init: Application information:[0m
[0;32mI (442) app_init: Project name:     HealthST[0m
[0;32mI (447) app_init: App version:      1[0m
[0;32mI (452) app_init: Compile time:     Oct 11 2024 12:54:41[0m
[0;32mI (458) app_init: ELF file SHA256:  559c99400...[0m
[0;32mI (463) app_init: ESP-IDF:          v5.3.1-dirty[0m
[0;32mI (468) efuse_init: Min chip rev:     v0.0[0m
[0;32mI (473) efuse_init: Max chip rev:     v3.99 [0m
[0;32mI (478) efuse_init: Chip rev:         v1.1[0m
[0;32mI (483) heap_init: Initializing. RAM available for dynamic allocation:[0m
[0;32mI (490) heap_init: At 3FFAE6E0 len 00001920 (6 KiB): DRAM[0m
[0;32mI (496) heap_init: At 3FFB8460 len 00027BA0 (158 KiB): DRAM[0m
[0;32mI (502) heap_init: At 3FFE0440 len 00003AE0 (14 KiB): D/IRAM[0m
[0;32mI (509) heap_init: At 3FFE4350 len 0001BCB0 (111 KiB): D/IRAM[0m
[0;32mI (515) heap_init: At 40097438 len 00008BC8 (34 KiB): IRAM[0m
[0;32mI (523) spi_flash: detected chip: gd[0m
[0;32mI (525) spi_flash: flash io: dio[0m
[0;33mW (529) spi_flash: Detected size(4096k) larger than the size in the binary image header(2048k). Using the size in the binary image header.[0m
[0;32mI (544) main_task: Started on CPU0[0m
[0;32mI (554) main_task: Calling app_main()[0m
I (584) wifi:wifi driver task: 3ffbef2c, prio:23, stack:6656, core=0
I (594) wifi:wifi firmware version: ccaebfa
I (594) wifi:wifi certification version: v7.0
I (594) wifi:config NVS flash: enabled
I (594) wifi:config nano formating: disabled
I (594) wifi:Init data frame dynamic rx buffer num: 32
I (604) wifi:Init static rx mgmt buffer num: 5
I (604) wifi:Init management short buffer num: 32
I (614) wifi:Init dynamic tx buffer num: 32
I (614) wifi:Init static rx buffer size: 1600
I (624) wifi:Init static rx buffer num: 10
I (624) wifi:Init dynamic rx buffer num: 32
[0;32mI (624) wifi_init: rx ba win: 6[0m
[0;32mI (634) wifi_init: accept mbox: 6[0m
[0;32mI (634) wifi_init: tcpip mbox: 32[0m
[0;32mI (644) wifi_init: udp mbox: 6[0m
[0;32mI (644) wifi_init: tcp mbox: 6[0m
[0;32mI (644) wifi_init: tcp tx win: 5760[0m
[0;32mI (654) wifi_init: tcp rx win: 5760[0m
[0;32mI (654) wifi_init: tcp mss: 1440[0m
[0;32mI (654) wifi_init: WiFi IRAM OP enabled[0m
[0;32mI (664) wifi_init: WiFi RX IRAM OP enabled[0m
W (664) wifi:Password length matches WPA2 standards, authmode threshold changes from OPEN to WPA2
[0;32mI (674) phy_init: phy_version 4830,54550f7,Jun 20 2024,14:22:08[0m
I (754) wifi:mode : sta (e8:6b:ea:09:d5:24)
I (754) wifi:enable tsf
[0;32mI (764) wifi_init: Connecting to Wi-Fi...[0m
I (774) wifi:new:<6,2>, old:<1,0>, ap:<255,255>, sta:<6,2>, prof:1, snd_ch_cfg:0x0
I (774) wifi:state: init -> auth (0xb0)
