ets Jul 29 2019 12:21:46

rst:0x1 (POWERON_RESET),boot:0x13 (SPI_FAST_FLASH_BOOT)
configsip: 0, SPIWP:0xee
clk_drv:0x00,q_drv:0x00,d_drv:0x00,cs0_drv:0x00,hd_drv:0x00,wp_drv:0x00
mode:DIO, clock div:2
load:0x3fff0030,len:7176
load:0x40078000,len:15564
ho 0 tail 12 room 4
load:0x40080400,len:4
load:0x40080404,len:3904
entry 0x40080640
[0;32mI (31) boot: ESP-IDF v5.3.1-dirty 2nd stage bootloader[0m
[0;32mI (31) boot: compile time Nov 29 2024 03:08:26[0m
[0;32mI (31) boot: Multicore bootloader[0m
[0;32mI (36) boot: chip revision: v3.1[0m
[0;32mI (40) boot.esp32: SPI Speed      : 40MHz[0m
[0;32mI (44) boot.esp32: SPI Mode       : DIO[0m
[0;32mI (49) boot.esp32: SPI Flash Size : 2MB[0m
[0;32mI (53) boot: Enabling RNG early entropy source...[0m
[0;32mI (59) boot: Partition Table:[0m
[0;32mI (62) boot: ## Label            Usage          Type ST Offset   Length[0m
[0;32mI (70) boot:  0 nvs              WiFi data        01 02 00009000 00006000[0m
[0;32mI (77) boot:  1 phy_init         RF data          01 01 0000f000 00001000[0m
[0;32mI (85) boot:  2 factory          factory app      00 00 00010000 00100000[0m
[0;32mI (92) boot: End of partition table[0m
[0;32mI (96) esp_image: segment 0: paddr=00010020 vaddr=3f400020 size=0cb10h ( 51984) map[0m
[0;32mI (123) esp_image: segment 1: paddr=0001cb38 vaddr=3ffb0000 size=028a8h ( 10408) load[0m
[0;32mI (127) esp_image: segment 2: paddr=0001f3e8 vaddr=40080000 size=00c30h (  3120) load[0m
[0;32mI (130) esp_image: segment 3: paddr=00020020 vaddr=400d0020 size=1cad0h (117456) map[0m
[0;32mI (177) esp_image: segment 4: paddr=0003caf8 vaddr=40080c30 size=0eb80h ( 60288) load[0m
[0;32mI (209) boot: Loaded app from partition at offset 0x10000[0m
[0;32mI (209) boot: Disabling RNG early entropy source...[0m
[0;32mI (221) cpu_start: Multicore app[0m
[0;32mI (229) cpu_start: Pro cpu start user code[0m
[0;32mI (229) cpu_start: cpu freq: 160000000 Hz[0m
[0;32mI (229) app_init: Application information:[0m
[0;32mI (232) app_init: Project name:     HealthST[0m
[0;32mI (237) app_init: App version:      d4cc7c9-dirty[0m
[0;32mI (242) app_init: Compile time:     Nov 29 2024 03:08:17[0m
[0;32mI (248) app_init: ELF file SHA256:  a52e3b4e0...[0m
[0;32mI (254) app_init: ESP-IDF:          v5.3.1-dirty[0m
[0;32mI (259) efuse_init: Min chip rev:     v0.0[0m
[0;32mI (264) efuse_init: Max chip rev:     v3.99 [0m
[0;32mI (269) efuse_init: Chip rev:         v3.1[0m
[0;32mI (274) heap_init: Initializing. RAM available for dynamic allocation:[0m
[0;32mI (281) heap_init: At 3FFAE6E0 len 00001920 (6 KiB): DRAM[0m
[0;32mI (287) heap_init: At 3FFB33F8 len 0002CC08 (179 KiB): DRAM[0m
[0;32mI (293) heap_init: At 3FFE0440 len 00003AE0 (14 KiB): D/IRAM[0m
[0;32mI (299) heap_init: At 3FFE4350 len 0001BCB0 (111 KiB): D/IRAM[0m
[0;32mI (306) heap_init: At 4008F7B0 len 00010850 (66 KiB): IRAM[0m
[0;32mI (314) spi_flash: detected chip: generic[0m
[0;32mI (317) spi_flash: flash io: dio[0m
[0;33mW (321) spi_flash: Detected size(4096k) larger than the size in the binary image header(2048k). Using the size in the binary image header.[0m
[0;33mW (334) i2c: This driver is an old driver, please migrate your application code to adapt `driver/i2c_master.h`[0m
[0;32mI (345) main_task: Started on CPU0[0m
[0;32mI (355) main_task: Calling app_main()[0m
[0;32mI (355) SSD1306: Legacy i2c driver is used[0m
[0;32mI (355) SSD1306: OLED configured successfully[0m
[0;32mI (355) main_task: Returned from app_main()[0m
[0;32mI (485) SENSOR_TASK: IR Data: 916[0m
[0;32mI (595) SENSOR_TASK: IR Data: 1039[0m
[0;32mI (705) SENSOR_TASK: IR Data: 1023[0m
[0;32mI (815) SENSOR_TASK: IR Data: 1024[0m
[0;32mI (925) SENSOR_TASK: IR Data: 1001[0m
[0;32mI (1035) SENSOR_TASK: IR Data: 1059[0m
[0;32mI (1145) SENSOR_TASK: IR Data: 991[0m
[0;32mI (1255) SENSOR_TASK: IR Data: 1037[0m
[0;32mI (1365) SENSOR_TASK: IR Data: 1020[0m
[0;32mI (1475) SENSOR_TASK: IR Data: 1033[0m
[0;32mI (1585) SENSOR_TASK: IR Data: 1030[0m
[0;32mI (1695) SENSOR_TASK: IR Data: 1044[0m
[0;32mI (1805) SENSOR_TASK: IR Data: 1020[0m
[0;32mI (1915) SENSOR_TASK: IR Data: 1058[0m
[0;32mI (2025) SENSOR_TASK: IR Data: 1008[0m
[0;32mI (2135) SENSOR_TASK: IR Data: 1065[0m
[0;32mI (2245) SENSOR_TASK: IR Data: 1035[0m
[0;32mI (2355) SENSOR_TASK: IR Data: 1035[0m
[0;32mI (2465) SENSOR_TASK: IR Data: 1046[0m
[0;32mI (2575) SENSOR_TASK: IR Data: 1060[0m
[0;32mI (2685) SENSOR_TASK: IR Data: 1028[0m
[0;32mI (2795) SENSOR_TASK: IR Data: 1014[0m
[0;32mI (2905) SENSOR_TASK: IR Data: 1023[0m
[0;32mI (3015) SENSOR_TASK: IR Data: 1026[0m
[0;32mI (3125) SENSOR_TASK: IR Data: 1019[0m
[0;32mI (3235) SENSOR_TASK: IR Data: 1058[0m
[0;32mI (3345) SENSOR_TASK: IR Data: 975[0m
[0;32mI (3455) SENSOR_TASK: IR Data: 1018[0m
[0;32mI (3565) SENSOR_TASK: IR Data: 996[0m
[0;32mI (3675) SENSOR_TASK: IR Data: 1034[0m
[0;32mI (3785) SENSOR_TASK: IR Data: 1028[0m
[0;32mI (3895) SENSOR_TASK: IR Data: 1021[0m
[0;32mI (4005) SENSOR_TASK: IR Data: 1016[0m
[0;32mI (4115) SENSOR_TASK: IR Data: 1071[0m
[0;32mI (4225) SENSOR_TASK: IR Data: 1032[0m
[0;32mI (4335) SENSOR_TASK: IR Data: 1053[0m
ï¿½ets Jul 29 2019 12:21:46

rst:0x3 (SW_RESET),boot:0x13 (SPI_FAST_FLASH_BOOT)
configsip: 0, SPIWP:0xee
clk_drv:0x00,q_drv:0x00,d_drv:0x00,cs0_drv:0x00,hd_drv:0x00,wp_drv:0x00
mode:DIO, cl